Building...
MSBuild version 17.3.1+2badb37d1 for .NET Framework
  BulletCollision.vcxproj -> G:\Github\phyxel\build\lib\Debug\BulletCollision_Debug.lib
  BulletDynamics.vcxproj -> G:\Github\phyxel\build\lib\Debug\BulletDynamics_Debug.lib
  LinearMath.vcxproj -> G:\Github\phyxel\build\lib\Debug\LinearMath_Debug.lib
  VoxelInteractionSystem.cpp
G:\Github\phyxel\src\scene\VoxelInteractionSystem.cpp(390,52): error C2039: 'getForceImpulse': is not a member of 'VulkanCube::MouseVelocityTracker' [G:\Github\phyxel\build\VulkanCube.vcxproj]
G:\Github\phyxel\include\core/ForceSystem.h(101): message : see declaration of 'VulkanCube::MouseVelocityTracker' [G:\Github\phyxel\build\VulkanCube.vcxproj]
G:\Github\phyxel\src\scene\VoxelInteractionSystem.cpp(400,22): error C2664: 'VulkanCube::ForceSystem::PropagationResult VulkanCube::ForceSystem::propagateForce(const VulkanCube::ForceSystem::ClickForce &,const glm::ivec3 &,VulkanCube::ChunkManager *)': cannot convert argument 1 from 'glm::ivec3' to 'const VulkanCube::ForceSystem::ClickForce &' [G:\Github\phyxel\build\VulkanCube.vcxproj]
G:\Github\phyxel\src\scene\VoxelInteractionSystem.cpp(404,9): message : Reason: cannot convert from 'glm::ivec3' to 'const VulkanCube::ForceSystem::ClickForce' [G:\Github\phyxel\build\VulkanCube.vcxproj]
G:\Github\phyxel\src\scene\VoxelInteractionSystem.cpp(401,37): message : No user-defined-conversion operator available that can perform this conversion, or the operator cannot be called [G:\Github\phyxel\build\VulkanCube.vcxproj]
G:\Github\phyxel\include\core/ForceSystem.h(65,23): message : see declaration of 'VulkanCube::ForceSystem::propagateForce' [G:\Github\phyxel\build\VulkanCube.vcxproj]
G:\Github\phyxel\src\scene\VoxelInteractionSystem.cpp(819,13): warning C4244: 'initializing': conversion from 'double' to 'float', possible loss of data [G:\Github\phyxel\build\VulkanCube.vcxproj]
G:\Github\phyxel\src\scene\VoxelInteractionSystem.cpp(820,13): warning C4244: 'initializing': conversion from 'double' to 'float', possible loss of data [G:\Github\phyxel\build\VulkanCube.vcxproj]
Build failed!
