MSBuild version 17.3.1+2badb37d1 for .NET Framework
  Checking File Globs
  gmock.vcxproj -> G:\Github\phyxel\build\lib\Release\gmock.lib
  gmock_main.vcxproj -> G:\Github\phyxel\build\lib\Release\gmock_main.lib
  gtest.vcxproj -> G:\Github\phyxel\build\lib\Release\gtest.lib
  gtest_main.vcxproj -> G:\Github\phyxel\build\lib\Release\gtest_main.lib
  GameApiService.cpp
G:\Github\phyxel\engine\include\core/CharacterSheet.h(53,23): warning C4099: 'Phyxel::Core::CharacterSheet': type name first seen using 'class' now seen using 'struct' [G:\Github\phyxel\build\engine\phyxel_core.vcxproj]
G:\Github\phyxel\engine\include\core/CharacterSheet.h(53): message : see declaration of 'Phyxel::Core::CharacterSheet' [G:\Github\phyxel\build\engine\phyxel_core.vcxproj]
G:\Github\phyxel\engine\include\scene/RagdollCharacter.h(39,76): warning C4100: 'startPos': unreferenced formal parameter [G:\Github\phyxel\build\engine\phyxel_core.vcxproj]
G:\Github\phyxel\engine\include\scene/RagdollCharacter.h(46,54): warning C4100: 'renderer': unreferenced formal parameter [G:\Github\phyxel\build\engine\phyxel_core.vcxproj]
G:\Github\phyxel\engine\include\scene/RagdollCharacter.h(48,47): warning C4100: 'pos': unreferenced formal parameter [G:\Github\phyxel\build\engine\phyxel_core.vcxproj]
G:\Github\phyxel\engine\include\scene/RagdollCharacter.h(133,55): warning C4100: 'turn': unreferenced formal parameter [G:\Github\phyxel\build\engine\phyxel_core.vcxproj]
G:\Github\phyxel\engine\include\scene/RagdollCharacter.h(133,40): warning C4100: 'forward': unreferenced formal parameter [G:\Github\phyxel\build\engine\phyxel_core.vcxproj]
G:\Github\phyxel\engine\include\core/Types.h(394,66): warning C4100: 'color': unreferenced formal parameter [G:\Github\phyxel\build\engine\phyxel_core.vcxproj]
G:\Github\phyxel\engine\include\vulkan/VulkanDevice.h(100,35): warning C4324: 'Phyxel::Vulkan::UniformBufferObject': structure was padded due to alignment specifier [G:\Github\phyxel\build\engine\phyxel_core.vcxproj]
G:\Github\phyxel\engine\include\vulkan/VulkanDevice.h(104,41): warning C4324: 'Phyxel::Vulkan::UniformBufferObject': structure was padded due to alignment specifier [G:\Github\phyxel\build\engine\phyxel_core.vcxproj]
G:\Github\phyxel\engine\include\vulkan/VulkanDevice.h(105,44): warning C4324: 'Phyxel::Vulkan::UniformBufferObject': structure was padded due to alignment specifier [G:\Github\phyxel\build\engine\phyxel_core.vcxproj]
G:\Github\phyxel\engine\include\vulkan/VulkanDevice.h(110,35): warning C4324: 'Phyxel::Vulkan::UniformBufferObject': structure was padded due to alignment specifier [G:\Github\phyxel\build\engine\phyxel_core.vcxproj]
G:\Github\phyxel\engine\include\vulkan/VulkanDevice.h(138,46): warning C4324: 'Phyxel::Vulkan::UniformBufferObject': structure was padded due to alignment specifier [G:\Github\phyxel\build\engine\phyxel_core.vcxproj]
G:\Github\phyxel\engine\include\vulkan/VulkanDevice.h(179,64): warning C4324: 'Phyxel::Vulkan::UniformBufferObject': structure was padded due to alignment specifier [G:\Github\phyxel\build\engine\phyxel_core.vcxproj]
G:\Github\phyxel\engine\include\vulkan/VulkanDevice.h(180,63): warning C4324: 'Phyxel::Vulkan::UniformBufferObject': structure was padded due to alignment specifier [G:\Github\phyxel\build\engine\phyxel_core.vcxproj]
G:\Github\phyxel\engine\include\vulkan/VulkanDevice.h(181,59): warning C4324: 'Phyxel::Vulkan::UniformBufferObject': structure was padded due to alignment specifier [G:\Github\phyxel\build\engine\phyxel_core.vcxproj]
G:\Github\phyxel\engine\include\vulkan/VulkanDevice.h(182,36): warning C4324: 'Phyxel::Vulkan::UniformBufferObject': structure was padded due to alignment specifier [G:\Github\phyxel\build\engine\phyxel_core.vcxproj]
G:\Github\phyxel\engine\include\vulkan/VulkanDevice.h(195,46): warning C4324: 'Phyxel::Vulkan::UniformBufferObject': structure was padded due to alignment specifier [G:\Github\phyxel\build\engine\phyxel_core.vcxproj]
G:\Github\phyxel\engine\include\vulkan/VulkanDevice.h(205,52): warning C4324: 'Phyxel::Vulkan::UniformBufferObject': structure was padded due to alignment specifier [G:\Github\phyxel\build\engine\phyxel_core.vcxproj]
G:\Github\phyxel\engine\include\utils/GpuProfiler.h(92,76): error C2338: static_assert failed: 'lastPipelineStats must hold exactly one record per pipeline-statistics slot' [G:\Github\phyxel\build\engine\phyxel_core.vcxproj]
G:\Github\phyxel\engine\include\graphics/RenderCoordinator.h(456,83): warning C4458: declaration of 'entities' hides class member [G:\Github\phyxel\build\engine\phyxel_core.vcxproj]
G:\Github\phyxel\engine\include\graphics/RenderCoordinator.h(672,56): message : see declaration of 'Phyxel::Graphics::RenderCoordinator::entities' [G:\Github\phyxel\build\engine\phyxel_core.vcxproj]
  GameShell.cpp
G:\Github\phyxel\engine\include\core/GameCallbacks.h(32,46): warning C4100: 'engine': unreferenced formal parameter [G:\Github\phyxel\build\engine\phyxel_core.vcxproj]
G:\Github\phyxel\engine\include\core/GameCallbacks.h(35,56): warning C4100: 'deltaTime': unreferenced formal parameter [G:\Github\phyxel\build\engine\phyxel_core.vcxproj]
G:\Github\phyxel\engine\include\core/GameCallbacks.h(35,42): warning C4100: 'engine': unreferenced formal parameter [G:\Github\phyxel\build\engine\phyxel_core.vcxproj]
G:\Github\phyxel\engine\include\core/GameCallbacks.h(39,42): warning C4100: 'engine': unreferenced formal parameter [G:\Github\phyxel\build\engine\phyxel_core.vcxproj]
G:\Github\phyxel\engine\include\core/GameCallbacks.h(42,47): warning C4100: 'engine': unreferenced formal parameter [G:\Github\phyxel\build\engine\phyxel_core.vcxproj]
G:\Github\phyxel\engine\include\scene/RagdollCharacter.h(39,76): warning C4100: 'startPos': unreferenced formal parameter [G:\Github\phyxel\build\engine\phyxel_core.vcxproj]
G:\Github\phyxel\engine\include\scene/RagdollCharacter.h(46,54): warning C4100: 'renderer': unreferenced formal parameter [G:\Github\phyxel\build\engine\phyxel_core.vcxproj]
G:\Github\phyxel\engine\include\scene/RagdollCharacter.h(48,47): warning C4100: 'pos': unreferenced formal parameter [G:\Github\phyxel\build\engine\phyxel_core.vcxproj]
G:\Github\phyxel\engine\include\scene/RagdollCharacter.h(133,55): warning C4100: 'turn': unreferenced formal parameter [G:\Github\phyxel\build\engine\phyxel_core.vcxproj]
G:\Github\phyxel\engine\include\scene/RagdollCharacter.h(133,40): warning C4100: 'forward': unreferenced formal parameter [G:\Github\phyxel\build\engine\phyxel_core.vcxproj]
G:\Github\phyxel\engine\include\core/GameShell.h(82,59): warning C4100: 'rig': unreferenced formal parameter [G:\Github\phyxel\build\engine\phyxel_core.vcxproj]
G:\Github\phyxel\engine\include\ui/UIWidget.h(120,86): warning C4100: 'theme': unreferenced formal parameter [G:\Github\phyxel\build\engine\phyxel_core.vcxproj]
G:\Github\phyxel\engine\include\ui/UIWidget.h(120,60): warning C4100: 'widgetPos': unreferenced formal parameter [G:\Github\phyxel\build\engine\phyxel_core.vcxproj]
G:\Github\phyxel\engine\include\ui/UIWidget.h(120,40): warning C4100: 'mousePos': unreferenced formal parameter [G:\Github\phyxel\build\engine\phyxel_core.vcxproj]
G:\Github\phyxel\engine\include\ui/UIWidget.h(123,32): warning C4100: 'glfwKey': unreferenced formal parameter [G:\Github\phyxel\build\engine\phyxel_core.vcxproj]
G:\Github\phyxel\engine\include\ui/UIWidget.h(126,85): warning C4100: 'theme': unreferenced formal parameter [G:\Github\phyxel\build\engine\phyxel_core.vcxproj]
G:\Github\phyxel\engine\include\ui/UIWidget.h(126,59): warning C4100: 'widgetPos': unreferenced formal parameter [G:\Github\phyxel\build\engine\phyxel_core.vcxproj]
G:\Github\phyxel\engine\include\ui/UIWidget.h(126,39): warning C4100: 'mousePos': unreferenced formal parameter [G:\Github\phyxel\build\engine\phyxel_core.vcxproj]
G:\Github\phyxel\engine\include\core/Types.h(394,66): warning C4100: 'color': unreferenced formal parameter [G:\Github\phyxel\build\engine\phyxel_core.vcxproj]
G:\Github\phyxel\engine\include\vulkan/VulkanDevice.h(100,35): warning C4324: 'Phyxel::Vulkan::UniformBufferObject': structure was padded due to alignment specifier [G:\Github\phyxel\build\engine\phyxel_core.vcxproj]
G:\Github\phyxel\engine\include\vulkan/VulkanDevice.h(104,41): warning C4324: 'Phyxel::Vulkan::UniformBufferObject': structure was padded due to alignment specifier [G:\Github\phyxel\build\engine\phyxel_core.vcxproj]
G:\Github\phyxel\engine\include\vulkan/VulkanDevice.h(105,44): warning C4324: 'Phyxel::Vulkan::UniformBufferObject': structure was padded due to alignment specifier [G:\Github\phyxel\build\engine\phyxel_core.vcxproj]
G:\Github\phyxel\engine\include\vulkan/VulkanDevice.h(110,35): warning C4324: 'Phyxel::Vulkan::UniformBufferObject': structure was padded due to alignment specifier [G:\Github\phyxel\build\engine\phyxel_core.vcxproj]
G:\Github\phyxel\engine\include\vulkan/VulkanDevice.h(138,46): warning C4324: 'Phyxel::Vulkan::UniformBufferObject': structure was padded due to alignment specifier [G:\Github\phyxel\build\engine\phyxel_core.vcxproj]
G:\Github\phyxel\engine\include\vulkan/VulkanDevice.h(179,64): warning C4324: 'Phyxel::Vulkan::UniformBufferObject': structure was padded due to alignment specifier [G:\Github\phyxel\build\engine\phyxel_core.vcxproj]
G:\Github\phyxel\engine\include\vulkan/VulkanDevice.h(180,63): warning C4324: 'Phyxel::Vulkan::UniformBufferObject': structure was padded due to alignment specifier [G:\Github\phyxel\build\engine\phyxel_core.vcxproj]
G:\Github\phyxel\engine\include\vulkan/VulkanDevice.h(181,59): warning C4324: 'Phyxel::Vulkan::UniformBufferObject': structure was padded due to alignment specifier [G:\Github\phyxel\build\engine\phyxel_core.vcxproj]
G:\Github\phyxel\engine\include\vulkan/VulkanDevice.h(182,36): warning C4324: 'Phyxel::Vulkan::UniformBufferObject': structure was padded due to alignment specifier [G:\Github\phyxel\build\engine\phyxel_core.vcxproj]
G:\Github\phyxel\engine\include\vulkan/VulkanDevice.h(195,46): warning C4324: 'Phyxel::Vulkan::UniformBufferObject': structure was padded due to alignment specifier [G:\Github\phyxel\build\engine\phyxel_core.vcxproj]
G:\Github\phyxel\engine\include\vulkan/VulkanDevice.h(205,52): warning C4324: 'Phyxel::Vulkan::UniformBufferObject': structure was padded due to alignment specifier [G:\Github\phyxel\build\engine\phyxel_core.vcxproj]
G:\Github\phyxel\engine\include\utils/GpuProfiler.h(92,76): error C2338: static_assert failed: 'lastPipelineStats must hold exactly one record per pipeline-statistics slot' [G:\Github\phyxel\build\engine\phyxel_core.vcxproj]
G:\Github\phyxel\engine\include\graphics/RenderCoordinator.h(456,83): warning C4458: declaration of 'entities' hides class member [G:\Github\phyxel\build\engine\phyxel_core.vcxproj]
G:\Github\phyxel\engine\include\graphics/RenderCoordinator.h(672,56): message : see declaration of 'Phyxel::Graphics::RenderCoordinator::entities' [G:\Github\phyxel\build\engine\phyxel_core.vcxproj]
  GpuParticlePhysics.cpp
G:\Github\phyxel\engine\include\core/Types.h(394,66): warning C4100: 'color': unreferenced formal parameter [G:\Github\phyxel\build\engine\phyxel_core.vcxproj]
G:\Github\phyxel\engine\include\vulkan/VulkanDevice.h(100,35): warning C4324: 'Phyxel::Vulkan::UniformBufferObject': structure was padded due to alignment specifier [G:\Github\phyxel\build\engine\phyxel_core.vcxproj]
G:\Github\phyxel\engine\include\vulkan/VulkanDevice.h(104,41): warning C4324: 'Phyxel::Vulkan::UniformBufferObject': structure was padded due to alignment specifier [G:\Github\phyxel\build\engine\phyxel_core.vcxproj]
G:\Github\phyxel\engine\include\vulkan/VulkanDevice.h(105,44): warning C4324: 'Phyxel::Vulkan::UniformBufferObject': structure was padded due to alignment specifier [G:\Github\phyxel\build\engine\phyxel_core.vcxproj]
G:\Github\phyxel\engine\include\vulkan/VulkanDevice.h(110,35): warning C4324: 'Phyxel::Vulkan::UniformBufferObject': structure was padded due to alignment specifier [G:\Github\phyxel\build\engine\phyxel_core.vcxproj]
G:\Github\phyxel\engine\include\vulkan/VulkanDevice.h(138,46): warning C4324: 'Phyxel::Vulkan::UniformBufferObject': structure was padded due to alignment specifier [G:\Github\phyxel\build\engine\phyxel_core.vcxproj]
G:\Github\phyxel\engine\include\vulkan/VulkanDevice.h(179,64): warning C4324: 'Phyxel::Vulkan::UniformBufferObject': structure was padded due to alignment specifier [G:\Github\phyxel\build\engine\phyxel_core.vcxproj]
G:\Github\phyxel\engine\include\vulkan/VulkanDevice.h(180,63): warning C4324: 'Phyxel::Vulkan::UniformBufferObject': structure was padded due to alignment specifier [G:\Github\phyxel\build\engine\phyxel_core.vcxproj]
G:\Github\phyxel\engine\include\vulkan/VulkanDevice.h(181,59): warning C4324: 'Phyxel::Vulkan::UniformBufferObject': structure was padded due to alignment specifier [G:\Github\phyxel\build\engine\phyxel_core.vcxproj]
G:\Github\phyxel\engine\include\vulkan/VulkanDevice.h(182,36): warning C4324: 'Phyxel::Vulkan::UniformBufferObject': structure was padded due to alignment specifier [G:\Github\phyxel\build\engine\phyxel_core.vcxproj]
G:\Github\phyxel\engine\include\vulkan/VulkanDevice.h(195,46): warning C4324: 'Phyxel::Vulkan::UniformBufferObject': structure was padded due to alignment specifier [G:\Github\phyxel\build\engine\phyxel_core.vcxproj]
G:\Github\phyxel\engine\include\vulkan/VulkanDevice.h(205,52): warning C4324: 'Phyxel::Vulkan::UniformBufferObject': structure was padded due to alignment specifier [G:\Github\phyxel\build\engine\phyxel_core.vcxproj]
G:\Github\phyxel\engine\include\utils/GpuProfiler.h(92,76): error C2338: static_assert failed: 'lastPipelineStats must hold exactly one record per pipeline-statistics slot' [G:\Github\phyxel\build\engine\phyxel_core.vcxproj]
  RenderCoordinator.cpp
G:\Github\phyxel\engine\include\core/Types.h(394,66): warning C4100: 'color': unreferenced formal parameter [G:\Github\phyxel\build\engine\phyxel_core.vcxproj]
G:\Github\phyxel\engine\include\vulkan/VulkanDevice.h(100,35): warning C4324: 'Phyxel::Vulkan::UniformBufferObject': structure was padded due to alignment specifier [G:\Github\phyxel\build\engine\phyxel_core.vcxproj]
G:\Github\phyxel\engine\include\vulkan/VulkanDevice.h(104,41): warning C4324: 'Phyxel::Vulkan::UniformBufferObject': structure was padded due to alignment specifier [G:\Github\phyxel\build\engine\phyxel_core.vcxproj]
G:\Github\phyxel\engine\include\vulkan/VulkanDevice.h(105,44): warning C4324: 'Phyxel::Vulkan::UniformBufferObject': structure was padded due to alignment specifier [G:\Github\phyxel\build\engine\phyxel_core.vcxproj]
G:\Github\phyxel\engine\include\vulkan/VulkanDevice.h(110,35): warning C4324: 'Phyxel::Vulkan::UniformBufferObject': structure was padded due to alignment specifier [G:\Github\phyxel\build\engine\phyxel_core.vcxproj]
G:\Github\phyxel\engine\include\vulkan/VulkanDevice.h(138,46): warning C4324: 'Phyxel::Vulkan::UniformBufferObject': structure was padded due to alignment specifier [G:\Github\phyxel\build\engine\phyxel_core.vcxproj]
G:\Github\phyxel\engine\include\vulkan/VulkanDevice.h(179,64): warning C4324: 'Phyxel::Vulkan::UniformBufferObject': structure was padded due to alignment specifier [G:\Github\phyxel\build\engine\phyxel_core.vcxproj]
G:\Github\phyxel\engine\include\vulkan/VulkanDevice.h(180,63): warning C4324: 'Phyxel::Vulkan::UniformBufferObject': structure was padded due to alignment specifier [G:\Github\phyxel\build\engine\phyxel_core.vcxproj]
G:\Github\phyxel\engine\include\vulkan/VulkanDevice.h(181,59): warning C4324: 'Phyxel::Vulkan::UniformBufferObject': structure was padded due to alignment specifier [G:\Github\phyxel\build\engine\phyxel_core.vcxproj]
G:\Github\phyxel\engine\include\vulkan/VulkanDevice.h(182,36): warning C4324: 'Phyxel::Vulkan::UniformBufferObject': structure was padded due to alignment specifier [G:\Github\phyxel\build\engine\phyxel_core.vcxproj]
G:\Github\phyxel\engine\include\vulkan/VulkanDevice.h(195,46): warning C4324: 'Phyxel::Vulkan::UniformBufferObject': structure was padded due to alignment specifier [G:\Github\phyxel\build\engine\phyxel_core.vcxproj]
G:\Github\phyxel\engine\include\vulkan/VulkanDevice.h(205,52): warning C4324: 'Phyxel::Vulkan::UniformBufferObject': structure was padded due to alignment specifier [G:\Github\phyxel\build\engine\phyxel_core.vcxproj]
G:\Github\phyxel\engine\include\utils/GpuProfiler.h(92,76): error C2338: static_assert failed: 'lastPipelineStats must hold exactly one record per pipeline-statistics slot' [G:\Github\phyxel\build\engine\phyxel_core.vcxproj]
G:\Github\phyxel\engine\include\graphics/RenderCoordinator.h(456,83): warning C4458: declaration of 'entities' hides class member [G:\Github\phyxel\build\engine\phyxel_core.vcxproj]
G:\Github\phyxel\engine\include\graphics/RenderCoordinator.h(672,56): message : see declaration of 'Phyxel::Graphics::RenderCoordinator::entities' [G:\Github\phyxel\build\engine\phyxel_core.vcxproj]
G:\Github\phyxel\engine\src\graphics\RenderCoordinator.cpp(2444,42): warning C4458: declaration of 'sunDirection' hides class member [G:\Github\phyxel\build\engine\phyxel_core.vcxproj]
G:\Github\phyxel\engine\include\graphics/RenderCoordinator.h(989,15): message : see declaration of 'Phyxel::Graphics::RenderCoordinator::sunDirection' [G:\Github\phyxel\build\engine\phyxel_core.vcxproj]
G:\Github\phyxel\engine\src\graphics\RenderCoordinator.cpp(3094,65): warning C4458: declaration of 'currentFrame' hides class member [G:\Github\phyxel\build\engine\phyxel_core.vcxproj]
G:\Github\phyxel\engine\include\graphics/RenderCoordinator.h(963,14): message : see declaration of 'Phyxel::Graphics::RenderCoordinator::currentFrame' [G:\Github\phyxel\build\engine\phyxel_core.vcxproj]
G:\Github\phyxel\engine\src\graphics\RenderCoordinator.cpp(3880,13): warning C4456: declaration of '_gpu_timer___LINE__' hides previous local declaration [G:\Github\phyxel\build\engine\phyxel_core.vcxproj]
G:\Github\phyxel\engine\src\graphics\RenderCoordinator.cpp(3837,9): message : see declaration of '_gpu_timer___LINE__' [G:\Github\phyxel\build\engine\phyxel_core.vcxproj]
G:\Github\phyxel\engine\src\graphics\RenderCoordinator.cpp(3889,13): warning C4456: declaration of '_gpu_timer___LINE__' hides previous local declaration [G:\Github\phyxel\build\engine\phyxel_core.vcxproj]
G:\Github\phyxel\engine\src\graphics\RenderCoordinator.cpp(3837,9): message : see declaration of '_gpu_timer___LINE__' [G:\Github\phyxel\build\engine\phyxel_core.vcxproj]
G:\Github\phyxel\engine\src\graphics\RenderCoordinator.cpp(3895,13): warning C4456: declaration of '_gpu_timer___LINE__' hides previous local declaration [G:\Github\phyxel\build\engine\phyxel_core.vcxproj]
G:\Github\phyxel\engine\src\graphics\RenderCoordinator.cpp(3837,9): message : see declaration of '_gpu_timer___LINE__' [G:\Github\phyxel\build\engine\phyxel_core.vcxproj]
G:\Github\phyxel\engine\src\graphics\RenderCoordinator.cpp(3901,13): warning C4456: declaration of '_gpu_timer___LINE__' hides previous local declaration [G:\Github\phyxel\build\engine\phyxel_core.vcxproj]
G:\Github\phyxel\engine\src\graphics\RenderCoordinator.cpp(3837,9): message : see declaration of '_gpu_timer___LINE__' [G:\Github\phyxel\build\engine\phyxel_core.vcxproj]
G:\Github\phyxel\engine\src\graphics\RenderCoordinator.cpp(3907,13): warning C4456: declaration of '_gpu_timer___LINE__' hides previous local declaration [G:\Github\phyxel\build\engine\phyxel_core.vcxproj]
G:\Github\phyxel\engine\src\graphics\RenderCoordinator.cpp(3837,9): message : see declaration of '_gpu_timer___LINE__' [G:\Github\phyxel\build\engine\phyxel_core.vcxproj]
G:\Github\phyxel\engine\src\graphics\RenderCoordinator.cpp(3917,13): warning C4456: declaration of '_gpu_timer___LINE__' hides previous local declaration [G:\Github\phyxel\build\engine\phyxel_core.vcxproj]
G:\Github\phyxel\engine\src\graphics\RenderCoordinator.cpp(3837,9): message : see declaration of '_gpu_timer___LINE__' [G:\Github\phyxel\build\engine\phyxel_core.vcxproj]
G:\Github\phyxel\engine\src\graphics\RenderCoordinator.cpp(3948,9): warning C4456: declaration of '_gpu_timer___LINE__' hides previous local declaration [G:\Github\phyxel\build\engine\phyxel_core.vcxproj]
G:\Github\phyxel\engine\src\graphics\RenderCoordinator.cpp(3837,9): message : see declaration of '_gpu_timer___LINE__' [G:\Github\phyxel\build\engine\phyxel_core.vcxproj]
G:\Github\phyxel\engine\src\graphics\RenderCoordinator.cpp(3966,13): warning C4456: declaration of '_gpu_timer___LINE__' hides previous local declaration [G:\Github\phyxel\build\engine\phyxel_core.vcxproj]
G:\Github\phyxel\engine\src\graphics\RenderCoordinator.cpp(3837,9): message : see declaration of '_gpu_timer___LINE__' [G:\Github\phyxel\build\engine\phyxel_core.vcxproj]
G:\Github\phyxel\engine\src\graphics\RenderCoordinator.cpp(3979,9): warning C4456: declaration of '_gpu_timer___LINE__' hides previous local declaration [G:\Github\phyxel\build\engine\phyxel_core.vcxproj]
G:\Github\phyxel\engine\src\graphics\RenderCoordinator.cpp(3837,9): message : see declaration of '_gpu_timer___LINE__' [G:\Github\phyxel\build\engine\phyxel_core.vcxproj]
G:\Github\phyxel\engine\src\graphics\RenderCoordinator.cpp(3997,13): warning C4456: declaration of '_gpu_timer___LINE__' hides previous local declaration [G:\Github\phyxel\build\engine\phyxel_core.vcxproj]
G:\Github\phyxel\engine\src\graphics\RenderCoordinator.cpp(3837,9): message : see declaration of '_gpu_timer___LINE__' [G:\Github\phyxel\build\engine\phyxel_core.vcxproj]
  ImGuiRenderer.cpp
G:\Github\phyxel\engine\include\core/Types.h(394,66): warning C4100: 'color': unreferenced formal parameter [G:\Github\phyxel\build\engine\phyxel_core.vcxproj]
G:\Github\phyxel\engine\include\vulkan/VulkanDevice.h(100,35): warning C4324: 'Phyxel::Vulkan::UniformBufferObject': structure was padded due to alignment specifier [G:\Github\phyxel\build\engine\phyxel_core.vcxproj]
G:\Github\phyxel\engine\include\vulkan/VulkanDevice.h(104,41): warning C4324: 'Phyxel::Vulkan::UniformBufferObject': structure was padded due to alignment specifier [G:\Github\phyxel\build\engine\phyxel_core.vcxproj]
G:\Github\phyxel\engine\include\vulkan/VulkanDevice.h(105,44): warning C4324: 'Phyxel::Vulkan::UniformBufferObject': structure was padded due to alignment specifier [G:\Github\phyxel\build\engine\phyxel_core.vcxproj]
G:\Github\phyxel\engine\include\vulkan/VulkanDevice.h(110,35): warning C4324: 'Phyxel::Vulkan::UniformBufferObject': structure was padded due to alignment specifier [G:\Github\phyxel\build\engine\phyxel_core.vcxproj]
G:\Github\phyxel\engine\include\vulkan/VulkanDevice.h(138,46): warning C4324: 'Phyxel::Vulkan::UniformBufferObject': structure was padded due to alignment specifier [G:\Github\phyxel\build\engine\phyxel_core.vcxproj]
G:\Github\phyxel\engine\include\vulkan/VulkanDevice.h(179,64): warning C4324: 'Phyxel::Vulkan::UniformBufferObject': structure was padded due to alignment specifier [G:\Github\phyxel\build\engine\phyxel_core.vcxproj]
G:\Github\phyxel\engine\include\vulkan/VulkanDevice.h(180,63): warning C4324: 'Phyxel::Vulkan::UniformBufferObject': structure was padded due to alignment specifier [G:\Github\phyxel\build\engine\phyxel_core.vcxproj]
G:\Github\phyxel\engine\include\vulkan/VulkanDevice.h(181,59): warning C4324: 'Phyxel::Vulkan::UniformBufferObject': structure was padded due to alignment specifier [G:\Github\phyxel\build\engine\phyxel_core.vcxproj]
G:\Github\phyxel\engine\include\vulkan/VulkanDevice.h(182,36): warning C4324: 'Phyxel::Vulkan::UniformBufferObject': structure was padded due to alignment specifier [G:\Github\phyxel\build\engine\phyxel_core.vcxproj]
G:\Github\phyxel\engine\include\vulkan/VulkanDevice.h(195,46): warning C4324: 'Phyxel::Vulkan::UniformBufferObject': structure was padded due to alignment specifier [G:\Github\phyxel\build\engine\phyxel_core.vcxproj]
G:\Github\phyxel\engine\include\vulkan/VulkanDevice.h(205,52): warning C4324: 'Phyxel::Vulkan::UniformBufferObject': structure was padded due to alignment specifier [G:\Github\phyxel\build\engine\phyxel_core.vcxproj]
G:\Github\phyxel\engine\include\utils/GpuProfiler.h(92,76): error C2338: static_assert failed: 'lastPipelineStats must hold exactly one record per pipeline-statistics slot' [G:\Github\phyxel\build\engine\phyxel_core.vcxproj]
G:\Github\phyxel\engine\src\ui\ImGuiRenderer.cpp(471,19): warning C4244: 'initializing': conversion from 'int' to 'float', possible loss of data [G:\Github\phyxel\build\engine\phyxel_core.vcxproj]
G:\Github\phyxel\engine\src\ui\ImGuiRenderer.cpp(526,106): warning C4267: 'initializing': conversion from 'size_t' to 'int', possible loss of data [G:\Github\phyxel\build\engine\phyxel_core.vcxproj]
  GpuProfiler.cpp
G:\Github\phyxel\engine\include\core/Types.h(394,66): warning C4100: 'color': unreferenced formal parameter [G:\Github\phyxel\build\engine\phyxel_core.vcxproj]
G:\Github\phyxel\engine\include\vulkan/VulkanDevice.h(100,35): warning C4324: 'Phyxel::Vulkan::UniformBufferObject': structure was padded due to alignment specifier [G:\Github\phyxel\build\engine\phyxel_core.vcxproj]
G:\Github\phyxel\engine\include\vulkan/VulkanDevice.h(104,41): warning C4324: 'Phyxel::Vulkan::UniformBufferObject': structure was padded due to alignment specifier [G:\Github\phyxel\build\engine\phyxel_core.vcxproj]
G:\Github\phyxel\engine\include\vulkan/VulkanDevice.h(105,44): warning C4324: 'Phyxel::Vulkan::UniformBufferObject': structure was padded due to alignment specifier [G:\Github\phyxel\build\engine\phyxel_core.vcxproj]
G:\Github\phyxel\engine\include\vulkan/VulkanDevice.h(110,35): warning C4324: 'Phyxel::Vulkan::UniformBufferObject': structure was padded due to alignment specifier [G:\Github\phyxel\build\engine\phyxel_core.vcxproj]
G:\Github\phyxel\engine\include\vulkan/VulkanDevice.h(138,46): warning C4324: 'Phyxel::Vulkan::UniformBufferObject': structure was padded due to alignment specifier [G:\Github\phyxel\build\engine\phyxel_core.vcxproj]
G:\Github\phyxel\engine\include\vulkan/VulkanDevice.h(179,64): warning C4324: 'Phyxel::Vulkan::UniformBufferObject': structure was padded due to alignment specifier [G:\Github\phyxel\build\engine\phyxel_core.vcxproj]
G:\Github\phyxel\engine\include\vulkan/VulkanDevice.h(180,63): warning C4324: 'Phyxel::Vulkan::UniformBufferObject': structure was padded due to alignment specifier [G:\Github\phyxel\build\engine\phyxel_core.vcxproj]
G:\Github\phyxel\engine\include\vulkan/VulkanDevice.h(181,59): warning C4324: 'Phyxel::Vulkan::UniformBufferObject': structure was padded due to alignment specifier [G:\Github\phyxel\build\engine\phyxel_core.vcxproj]
G:\Github\phyxel\engine\include\vulkan/VulkanDevice.h(182,36): warning C4324: 'Phyxel::Vulkan::UniformBufferObject': structure was padded due to alignment specifier [G:\Github\phyxel\build\engine\phyxel_core.vcxproj]
G:\Github\phyxel\engine\include\vulkan/VulkanDevice.h(195,46): warning C4324: 'Phyxel::Vulkan::UniformBufferObject': structure was padded due to alignment specifier [G:\Github\phyxel\build\engine\phyxel_core.vcxproj]
G:\Github\phyxel\engine\include\vulkan/VulkanDevice.h(205,52): warning C4324: 'Phyxel::Vulkan::UniformBufferObject': structure was padded due to alignment specifier [G:\Github\phyxel\build\engine\phyxel_core.vcxproj]
G:\Github\phyxel\engine\include\utils/GpuProfiler.h(92,76): error C2338: static_assert failed: 'lastPipelineStats must hold exactly one record per pipeline-statistics slot' [G:\Github\phyxel\build\engine\phyxel_core.vcxproj]
G:\Github\phyxel\engine\src\utils\GpuProfiler.cpp(13,82): warning C4458: declaration of 'device' hides class member [G:\Github\phyxel\build\engine\phyxel_core.vcxproj]
G:\Github\phyxel\engine\include\utils/GpuProfiler.h(70,27): message : see declaration of 'Phyxel::GpuProfiler::device' [G:\Github\phyxel\build\engine\phyxel_core.vcxproj]
  Generating Code...
