MSBuild version 17.3.1+2badb37d1 for .NET Framework
  Checking File Globs
  -- GLOB mismatch!
  Checking Build System
  CMake is re-running because G:/Github/phyxel/build/CMakeFiles/generate.stamp is out-of-date.
    the file 'G:/Github/phyxel/build/CMakeFiles/cmake.verify_globs'
    is newer than 'G:/Github/phyxel/build/CMakeFiles/generate.stamp.depend'
    result='-1'
  -- Selecting Windows SDK version 10.0.19041.0 to target Windows 10.0.26200.
  -- Building for Windows
  -- Found SQLite3 amalgamation source
  -- pybind11 v2.12.0 
  -- Using the multi-header code from G:/Github/phyxel/build/_deps/nlohmann_json-src/include/
  -- pybind11 include dirs: $<BUILD_INTERFACE:G:/Github/phyxel/build/_deps/pybind11-src/include>;$<INSTALL_INTERFACE:include>
  -- pybind11::embed libs: pybind11::pybind11;pybind11::pybind11;pybind11::_ClassicPythonLibraries
  -- World storage enabled with SQLite3
  -- Configured benchmark tests: phyxel_benchmarks
  -- Stress tests configured for LIGHT load (development mode)
  -- Configured stress tests: phyxel_stress_tests
  -- Configured E2E tests: phyxel_e2e_tests
  -- Configuring done
  -- Generating done
  -- Build files have been written to: G:/Github/phyxel/build
  gmock.vcxproj -> G:\Github\phyxel\build\lib\Release\gmock.lib
  gmock_main.vcxproj -> G:\Github\phyxel\build\lib\Release\gmock_main.lib
  gtest.vcxproj -> G:\Github\phyxel\build\lib\Release\gtest.lib
  gtest_main.vcxproj -> G:\Github\phyxel\build\lib\Release\gtest_main.lib
  AtlasManager.cpp
G:\Github\phyxel\engine\include\core/Types.h(394,66): warning C4100: 'color': unreferenced formal parameter [G:\Github\phyxel\build\engine\phyxel_core.vcxproj]
G:\Github\phyxel\engine\include\vulkan/VulkanDevice.h(100,35): warning C4324: 'Phyxel::Vulkan::UniformBufferObject': structure was padded due to alignment specifier [G:\Github\phyxel\build\engine\phyxel_core.vcxproj]
G:\Github\phyxel\engine\include\vulkan/VulkanDevice.h(104,41): warning C4324: 'Phyxel::Vulkan::UniformBufferObject': structure was padded due to alignment specifier [G:\Github\phyxel\build\engine\phyxel_core.vcxproj]
G:\Github\phyxel\engine\include\vulkan/VulkanDevice.h(105,44): warning C4324: 'Phyxel::Vulkan::UniformBufferObject': structure was padded due to alignment specifier [G:\Github\phyxel\build\engine\phyxel_core.vcxproj]
G:\Github\phyxel\engine\include\vulkan/VulkanDevice.h(110,35): warning C4324: 'Phyxel::Vulkan::UniformBufferObject': structure was padded due to alignment specifier [G:\Github\phyxel\build\engine\phyxel_core.vcxproj]
G:\Github\phyxel\engine\include\vulkan/VulkanDevice.h(138,46): warning C4324: 'Phyxel::Vulkan::UniformBufferObject': structure was padded due to alignment specifier [G:\Github\phyxel\build\engine\phyxel_core.vcxproj]
G:\Github\phyxel\engine\include\vulkan/VulkanDevice.h(179,64): warning C4324: 'Phyxel::Vulkan::UniformBufferObject': structure was padded due to alignment specifier [G:\Github\phyxel\build\engine\phyxel_core.vcxproj]
G:\Github\phyxel\engine\include\vulkan/VulkanDevice.h(180,63): warning C4324: 'Phyxel::Vulkan::UniformBufferObject': structure was padded due to alignment specifier [G:\Github\phyxel\build\engine\phyxel_core.vcxproj]
G:\Github\phyxel\engine\include\vulkan/VulkanDevice.h(181,59): warning C4324: 'Phyxel::Vulkan::UniformBufferObject': structure was padded due to alignment specifier [G:\Github\phyxel\build\engine\phyxel_core.vcxproj]
G:\Github\phyxel\engine\include\vulkan/VulkanDevice.h(182,36): warning C4324: 'Phyxel::Vulkan::UniformBufferObject': structure was padded due to alignment specifier [G:\Github\phyxel\build\engine\phyxel_core.vcxproj]
G:\Github\phyxel\engine\include\vulkan/VulkanDevice.h(195,46): warning C4324: 'Phyxel::Vulkan::UniformBufferObject': structure was padded due to alignment specifier [G:\Github\phyxel\build\engine\phyxel_core.vcxproj]
G:\Github\phyxel\engine\include\vulkan/VulkanDevice.h(205,52): warning C4324: 'Phyxel::Vulkan::UniformBufferObject': structure was padded due to alignment specifier [G:\Github\phyxel\build\engine\phyxel_core.vcxproj]
  EngineAPIServer.cpp
G:\Github\phyxel\engine\src\core\EngineAPIServer.cpp(1218,5): warning C4100: 'req': unreferenced formal parameter [G:\Github\phyxel\build\engine\phyxel_core.vcxproj]
G:\Github\phyxel\engine\src\core\EngineAPIServer.cpp(1790,5): warning C4100: 'req': unreferenced formal parameter [G:\Github\phyxel\build\engine\phyxel_core.vcxproj]
G:\Github\phyxel\engine\src\core\EngineAPIServer.cpp(1804,5): warning C4100: 'req': unreferenced formal parameter [G:\Github\phyxel\build\engine\phyxel_core.vcxproj]
G:\Github\phyxel\engine\src\core\EngineAPIServer.cpp(1891,5): warning C4100: 'req': unreferenced formal parameter [G:\Github\phyxel\build\engine\phyxel_core.vcxproj]
G:\Github\phyxel\engine\src\core\EngineAPIServer.cpp(1907,5): warning C4100: 'req': unreferenced formal parameter [G:\Github\phyxel\build\engine\phyxel_core.vcxproj]
G:\Github\phyxel\engine\src\core\EngineAPIServer.cpp(1922,5): warning C4100: 'req': unreferenced formal parameter [G:\Github\phyxel\build\engine\phyxel_core.vcxproj]
G:\Github\phyxel\engine\src\core\EngineAPIServer.cpp(1936,5): warning C4100: 'req': unreferenced formal parameter [G:\Github\phyxel\build\engine\phyxel_core.vcxproj]
G:\Github\phyxel\engine\src\core\EngineAPIServer.cpp(2051,5): warning C4100: 'req': unreferenced formal parameter [G:\Github\phyxel\build\engine\phyxel_core.vcxproj]
G:\Github\phyxel\engine\src\core\EngineAPIServer.cpp(2252,5): warning C4100: 'req': unreferenced formal parameter [G:\Github\phyxel\build\engine\phyxel_core.vcxproj]
G:\Github\phyxel\engine\src\core\EngineAPIServer.cpp(2735,5): warning C4100: 'req': unreferenced formal parameter [G:\Github\phyxel\build\engine\phyxel_core.vcxproj]
G:\Github\phyxel\engine\src\core\EngineAPIServer.cpp(3508,5): warning C4100: 'req': unreferenced formal parameter [G:\Github\phyxel\build\engine\phyxel_core.vcxproj]
  EngineRuntime.cpp
G:\Github\phyxel\engine\include\core/GameCallbacks.h(32,46): warning C4100: 'engine': unreferenced formal parameter [G:\Github\phyxel\build\engine\phyxel_core.vcxproj]
G:\Github\phyxel\engine\include\core/GameCallbacks.h(35,56): warning C4100: 'deltaTime': unreferenced formal parameter [G:\Github\phyxel\build\engine\phyxel_core.vcxproj]
G:\Github\phyxel\engine\include\core/GameCallbacks.h(35,42): warning C4100: 'engine': unreferenced formal parameter [G:\Github\phyxel\build\engine\phyxel_core.vcxproj]
G:\Github\phyxel\engine\include\core/GameCallbacks.h(39,42): warning C4100: 'engine': unreferenced formal parameter [G:\Github\phyxel\build\engine\phyxel_core.vcxproj]
G:\Github\phyxel\engine\include\core/GameCallbacks.h(42,47): warning C4100: 'engine': unreferenced formal parameter [G:\Github\phyxel\build\engine\phyxel_core.vcxproj]
G:\Github\phyxel\engine\include\core/Types.h(394,66): warning C4100: 'color': unreferenced formal parameter [G:\Github\phyxel\build\engine\phyxel_core.vcxproj]
G:\Github\phyxel\engine\include\vulkan/VulkanDevice.h(100,35): warning C4324: 'Phyxel::Vulkan::UniformBufferObject': structure was padded due to alignment specifier [G:\Github\phyxel\build\engine\phyxel_core.vcxproj]
G:\Github\phyxel\engine\include\vulkan/VulkanDevice.h(104,41): warning C4324: 'Phyxel::Vulkan::UniformBufferObject': structure was padded due to alignment specifier [G:\Github\phyxel\build\engine\phyxel_core.vcxproj]
G:\Github\phyxel\engine\include\vulkan/VulkanDevice.h(105,44): warning C4324: 'Phyxel::Vulkan::UniformBufferObject': structure was padded due to alignment specifier [G:\Github\phyxel\build\engine\phyxel_core.vcxproj]
G:\Github\phyxel\engine\include\vulkan/VulkanDevice.h(110,35): warning C4324: 'Phyxel::Vulkan::UniformBufferObject': structure was padded due to alignment specifier [G:\Github\phyxel\build\engine\phyxel_core.vcxproj]
G:\Github\phyxel\engine\include\vulkan/VulkanDevice.h(138,46): warning C4324: 'Phyxel::Vulkan::UniformBufferObject': structure was padded due to alignment specifier [G:\Github\phyxel\build\engine\phyxel_core.vcxproj]
G:\Github\phyxel\engine\include\vulkan/VulkanDevice.h(179,64): warning C4324: 'Phyxel::Vulkan::UniformBufferObject': structure was padded due to alignment specifier [G:\Github\phyxel\build\engine\phyxel_core.vcxproj]
G:\Github\phyxel\engine\include\vulkan/VulkanDevice.h(180,63): warning C4324: 'Phyxel::Vulkan::UniformBufferObject': structure was padded due to alignment specifier [G:\Github\phyxel\build\engine\phyxel_core.vcxproj]
G:\Github\phyxel\engine\include\vulkan/VulkanDevice.h(181,59): warning C4324: 'Phyxel::Vulkan::UniformBufferObject': structure was padded due to alignment specifier [G:\Github\phyxel\build\engine\phyxel_core.vcxproj]
G:\Github\phyxel\engine\include\vulkan/VulkanDevice.h(182,36): warning C4324: 'Phyxel::Vulkan::UniformBufferObject': structure was padded due to alignment specifier [G:\Github\phyxel\build\engine\phyxel_core.vcxproj]
G:\Github\phyxel\engine\include\vulkan/VulkanDevice.h(195,46): warning C4324: 'Phyxel::Vulkan::UniformBufferObject': structure was padded due to alignment specifier [G:\Github\phyxel\build\engine\phyxel_core.vcxproj]
G:\Github\phyxel\engine\include\vulkan/VulkanDevice.h(205,52): warning C4324: 'Phyxel::Vulkan::UniformBufferObject': structure was padded due to alignment specifier [G:\Github\phyxel\build\engine\phyxel_core.vcxproj]
  GameApiService.cpp
G:\Github\phyxel\engine\include\core/CharacterSheet.h(53,23): warning C4099: 'Phyxel::Core::CharacterSheet': type name first seen using 'class' now seen using 'struct' [G:\Github\phyxel\build\engine\phyxel_core.vcxproj]
G:\Github\phyxel\engine\include\core/CharacterSheet.h(53): message : see declaration of 'Phyxel::Core::CharacterSheet' [G:\Github\phyxel\build\engine\phyxel_core.vcxproj]
G:\Github\phyxel\engine\include\scene/RagdollCharacter.h(39,76): warning C4100: 'startPos': unreferenced formal parameter [G:\Github\phyxel\build\engine\phyxel_core.vcxproj]
G:\Github\phyxel\engine\include\scene/RagdollCharacter.h(46,54): warning C4100: 'renderer': unreferenced formal parameter [G:\Github\phyxel\build\engine\phyxel_core.vcxproj]
G:\Github\phyxel\engine\include\scene/RagdollCharacter.h(48,47): warning C4100: 'pos': unreferenced formal parameter [G:\Github\phyxel\build\engine\phyxel_core.vcxproj]
G:\Github\phyxel\engine\include\scene/RagdollCharacter.h(133,55): warning C4100: 'turn': unreferenced formal parameter [G:\Github\phyxel\build\engine\phyxel_core.vcxproj]
G:\Github\phyxel\engine\include\scene/RagdollCharacter.h(133,40): warning C4100: 'forward': unreferenced formal parameter [G:\Github\phyxel\build\engine\phyxel_core.vcxproj]
G:\Github\phyxel\engine\include\core/Types.h(394,66): warning C4100: 'color': unreferenced formal parameter [G:\Github\phyxel\build\engine\phyxel_core.vcxproj]
G:\Github\phyxel\engine\include\vulkan/VulkanDevice.h(100,35): warning C4324: 'Phyxel::Vulkan::UniformBufferObject': structure was padded due to alignment specifier [G:\Github\phyxel\build\engine\phyxel_core.vcxproj]
G:\Github\phyxel\engine\include\vulkan/VulkanDevice.h(104,41): warning C4324: 'Phyxel::Vulkan::UniformBufferObject': structure was padded due to alignment specifier [G:\Github\phyxel\build\engine\phyxel_core.vcxproj]
G:\Github\phyxel\engine\include\vulkan/VulkanDevice.h(105,44): warning C4324: 'Phyxel::Vulkan::UniformBufferObject': structure was padded due to alignment specifier [G:\Github\phyxel\build\engine\phyxel_core.vcxproj]
G:\Github\phyxel\engine\include\vulkan/VulkanDevice.h(110,35): warning C4324: 'Phyxel::Vulkan::UniformBufferObject': structure was padded due to alignment specifier [G:\Github\phyxel\build\engine\phyxel_core.vcxproj]
G:\Github\phyxel\engine\include\vulkan/VulkanDevice.h(138,46): warning C4324: 'Phyxel::Vulkan::UniformBufferObject': structure was padded due to alignment specifier [G:\Github\phyxel\build\engine\phyxel_core.vcxproj]
G:\Github\phyxel\engine\include\vulkan/VulkanDevice.h(179,64): warning C4324: 'Phyxel::Vulkan::UniformBufferObject': structure was padded due to alignment specifier [G:\Github\phyxel\build\engine\phyxel_core.vcxproj]
G:\Github\phyxel\engine\include\vulkan/VulkanDevice.h(180,63): warning C4324: 'Phyxel::Vulkan::UniformBufferObject': structure was padded due to alignment specifier [G:\Github\phyxel\build\engine\phyxel_core.vcxproj]
G:\Github\phyxel\engine\include\vulkan/VulkanDevice.h(181,59): warning C4324: 'Phyxel::Vulkan::UniformBufferObject': structure was padded due to alignment specifier [G:\Github\phyxel\build\engine\phyxel_core.vcxproj]
G:\Github\phyxel\engine\include\vulkan/VulkanDevice.h(182,36): warning C4324: 'Phyxel::Vulkan::UniformBufferObject': structure was padded due to alignment specifier [G:\Github\phyxel\build\engine\phyxel_core.vcxproj]
G:\Github\phyxel\engine\include\vulkan/VulkanDevice.h(195,46): warning C4324: 'Phyxel::Vulkan::UniformBufferObject': structure was padded due to alignment specifier [G:\Github\phyxel\build\engine\phyxel_core.vcxproj]
G:\Github\phyxel\engine\include\vulkan/VulkanDevice.h(205,52): warning C4324: 'Phyxel::Vulkan::UniformBufferObject': structure was padded due to alignment specifier [G:\Github\phyxel\build\engine\phyxel_core.vcxproj]
G:\Github\phyxel\engine\include\graphics/RenderCoordinator.h(456,83): warning C4458: declaration of 'entities' hides class member [G:\Github\phyxel\build\engine\phyxel_core.vcxproj]
G:\Github\phyxel\engine\include\graphics/RenderCoordinator.h(672,56): message : see declaration of 'Phyxel::Graphics::RenderCoordinator::entities' [G:\Github\phyxel\build\engine\phyxel_core.vcxproj]
G:\Github\phyxel\engine\include\ui/UIWidget.h(120,86): warning C4100: 'theme': unreferenced formal parameter [G:\Github\phyxel\build\engine\phyxel_core.vcxproj]
G:\Github\phyxel\engine\include\ui/UIWidget.h(120,60): warning C4100: 'widgetPos': unreferenced formal parameter [G:\Github\phyxel\build\engine\phyxel_core.vcxproj]
G:\Github\phyxel\engine\include\ui/UIWidget.h(120,40): warning C4100: 'mousePos': unreferenced formal parameter [G:\Github\phyxel\build\engine\phyxel_core.vcxproj]
G:\Github\phyxel\engine\include\ui/UIWidget.h(123,32): warning C4100: 'glfwKey': unreferenced formal parameter [G:\Github\phyxel\build\engine\phyxel_core.vcxproj]
G:\Github\phyxel\engine\include\ui/UIWidget.h(126,85): warning C4100: 'theme': unreferenced formal parameter [G:\Github\phyxel\build\engine\phyxel_core.vcxproj]
G:\Github\phyxel\engine\include\ui/UIWidget.h(126,59): warning C4100: 'widgetPos': unreferenced formal parameter [G:\Github\phyxel\build\engine\phyxel_core.vcxproj]
G:\Github\phyxel\engine\include\ui/UIWidget.h(126,39): warning C4100: 'mousePos': unreferenced formal parameter [G:\Github\phyxel\build\engine\phyxel_core.vcxproj]
  GameShell.cpp
G:\Github\phyxel\engine\include\core/GameCallbacks.h(32,46): warning C4100: 'engine': unreferenced formal parameter [G:\Github\phyxel\build\engine\phyxel_core.vcxproj]
G:\Github\phyxel\engine\include\core/GameCallbacks.h(35,56): warning C4100: 'deltaTime': unreferenced formal parameter [G:\Github\phyxel\build\engine\phyxel_core.vcxproj]
G:\Github\phyxel\engine\include\core/GameCallbacks.h(35,42): warning C4100: 'engine': unreferenced formal parameter [G:\Github\phyxel\build\engine\phyxel_core.vcxproj]
G:\Github\phyxel\engine\include\core/GameCallbacks.h(39,42): warning C4100: 'engine': unreferenced formal parameter [G:\Github\phyxel\build\engine\phyxel_core.vcxproj]
G:\Github\phyxel\engine\include\core/GameCallbacks.h(42,47): warning C4100: 'engine': unreferenced formal parameter [G:\Github\phyxel\build\engine\phyxel_core.vcxproj]
G:\Github\phyxel\engine\include\scene/RagdollCharacter.h(39,76): warning C4100: 'startPos': unreferenced formal parameter [G:\Github\phyxel\build\engine\phyxel_core.vcxproj]
G:\Github\phyxel\engine\include\scene/RagdollCharacter.h(46,54): warning C4100: 'renderer': unreferenced formal parameter [G:\Github\phyxel\build\engine\phyxel_core.vcxproj]
G:\Github\phyxel\engine\include\scene/RagdollCharacter.h(48,47): warning C4100: 'pos': unreferenced formal parameter [G:\Github\phyxel\build\engine\phyxel_core.vcxproj]
G:\Github\phyxel\engine\include\scene/RagdollCharacter.h(133,55): warning C4100: 'turn': unreferenced formal parameter [G:\Github\phyxel\build\engine\phyxel_core.vcxproj]
G:\Github\phyxel\engine\include\scene/RagdollCharacter.h(133,40): warning C4100: 'forward': unreferenced formal parameter [G:\Github\phyxel\build\engine\phyxel_core.vcxproj]
G:\Github\phyxel\engine\include\core/GameShell.h(82,59): warning C4100: 'rig': unreferenced formal parameter [G:\Github\phyxel\build\engine\phyxel_core.vcxproj]
G:\Github\phyxel\engine\include\ui/UIWidget.h(120,86): warning C4100: 'theme': unreferenced formal parameter [G:\Github\phyxel\build\engine\phyxel_core.vcxproj]
G:\Github\phyxel\engine\include\ui/UIWidget.h(120,60): warning C4100: 'widgetPos': unreferenced formal parameter [G:\Github\phyxel\build\engine\phyxel_core.vcxproj]
G:\Github\phyxel\engine\include\ui/UIWidget.h(120,40): warning C4100: 'mousePos': unreferenced formal parameter [G:\Github\phyxel\build\engine\phyxel_core.vcxproj]
G:\Github\phyxel\engine\include\ui/UIWidget.h(123,32): warning C4100: 'glfwKey': unreferenced formal parameter [G:\Github\phyxel\build\engine\phyxel_core.vcxproj]
G:\Github\phyxel\engine\include\ui/UIWidget.h(126,85): warning C4100: 'theme': unreferenced formal parameter [G:\Github\phyxel\build\engine\phyxel_core.vcxproj]
G:\Github\phyxel\engine\include\ui/UIWidget.h(126,59): warning C4100: 'widgetPos': unreferenced formal parameter [G:\Github\phyxel\build\engine\phyxel_core.vcxproj]
G:\Github\phyxel\engine\include\ui/UIWidget.h(126,39): warning C4100: 'mousePos': unreferenced formal parameter [G:\Github\phyxel\build\engine\phyxel_core.vcxproj]
G:\Github\phyxel\engine\include\core/Types.h(394,66): warning C4100: 'color': unreferenced formal parameter [G:\Github\phyxel\build\engine\phyxel_core.vcxproj]
G:\Github\phyxel\engine\include\vulkan/VulkanDevice.h(100,35): warning C4324: 'Phyxel::Vulkan::UniformBufferObject': structure was padded due to alignment specifier [G:\Github\phyxel\build\engine\phyxel_core.vcxproj]
G:\Github\phyxel\engine\include\vulkan/VulkanDevice.h(104,41): warning C4324: 'Phyxel::Vulkan::UniformBufferObject': structure was padded due to alignment specifier [G:\Github\phyxel\build\engine\phyxel_core.vcxproj]
G:\Github\phyxel\engine\include\vulkan/VulkanDevice.h(105,44): warning C4324: 'Phyxel::Vulkan::UniformBufferObject': structure was padded due to alignment specifier [G:\Github\phyxel\build\engine\phyxel_core.vcxproj]
G:\Github\phyxel\engine\include\vulkan/VulkanDevice.h(110,35): warning C4324: 'Phyxel::Vulkan::UniformBufferObject': structure was padded due to alignment specifier [G:\Github\phyxel\build\engine\phyxel_core.vcxproj]
G:\Github\phyxel\engine\include\vulkan/VulkanDevice.h(138,46): warning C4324: 'Phyxel::Vulkan::UniformBufferObject': structure was padded due to alignment specifier [G:\Github\phyxel\build\engine\phyxel_core.vcxproj]
G:\Github\phyxel\engine\include\vulkan/VulkanDevice.h(179,64): warning C4324: 'Phyxel::Vulkan::UniformBufferObject': structure was padded due to alignment specifier [G:\Github\phyxel\build\engine\phyxel_core.vcxproj]
G:\Github\phyxel\engine\include\vulkan/VulkanDevice.h(180,63): warning C4324: 'Phyxel::Vulkan::UniformBufferObject': structure was padded due to alignment specifier [G:\Github\phyxel\build\engine\phyxel_core.vcxproj]
G:\Github\phyxel\engine\include\vulkan/VulkanDevice.h(181,59): warning C4324: 'Phyxel::Vulkan::UniformBufferObject': structure was padded due to alignment specifier [G:\Github\phyxel\build\engine\phyxel_core.vcxproj]
G:\Github\phyxel\engine\include\vulkan/VulkanDevice.h(182,36): warning C4324: 'Phyxel::Vulkan::UniformBufferObject': structure was padded due to alignment specifier [G:\Github\phyxel\build\engine\phyxel_core.vcxproj]
G:\Github\phyxel\engine\include\vulkan/VulkanDevice.h(195,46): warning C4324: 'Phyxel::Vulkan::UniformBufferObject': structure was padded due to alignment specifier [G:\Github\phyxel\build\engine\phyxel_core.vcxproj]
G:\Github\phyxel\engine\include\vulkan/VulkanDevice.h(205,52): warning C4324: 'Phyxel::Vulkan::UniformBufferObject': structure was padded due to alignment specifier [G:\Github\phyxel\build\engine\phyxel_core.vcxproj]
G:\Github\phyxel\engine\include\graphics/RenderCoordinator.h(456,83): warning C4458: declaration of 'entities' hides class member [G:\Github\phyxel\build\engine\phyxel_core.vcxproj]
G:\Github\phyxel\engine\include\graphics/RenderCoordinator.h(672,56): message : see declaration of 'Phyxel::Graphics::RenderCoordinator::entities' [G:\Github\phyxel\build\engine\phyxel_core.vcxproj]
  GpuParticlePhysics.cpp
G:\Github\phyxel\engine\include\core/Types.h(394,66): warning C4100: 'color': unreferenced formal parameter [G:\Github\phyxel\build\engine\phyxel_core.vcxproj]
G:\Github\phyxel\engine\include\vulkan/VulkanDevice.h(100,35): warning C4324: 'Phyxel::Vulkan::UniformBufferObject': structure was padded due to alignment specifier [G:\Github\phyxel\build\engine\phyxel_core.vcxproj]
G:\Github\phyxel\engine\include\vulkan/VulkanDevice.h(104,41): warning C4324: 'Phyxel::Vulkan::UniformBufferObject': structure was padded due to alignment specifier [G:\Github\phyxel\build\engine\phyxel_core.vcxproj]
G:\Github\phyxel\engine\include\vulkan/VulkanDevice.h(105,44): warning C4324: 'Phyxel::Vulkan::UniformBufferObject': structure was padded due to alignment specifier [G:\Github\phyxel\build\engine\phyxel_core.vcxproj]
G:\Github\phyxel\engine\include\vulkan/VulkanDevice.h(110,35): warning C4324: 'Phyxel::Vulkan::UniformBufferObject': structure was padded due to alignment specifier [G:\Github\phyxel\build\engine\phyxel_core.vcxproj]
G:\Github\phyxel\engine\include\vulkan/VulkanDevice.h(138,46): warning C4324: 'Phyxel::Vulkan::UniformBufferObject': structure was padded due to alignment specifier [G:\Github\phyxel\build\engine\phyxel_core.vcxproj]
G:\Github\phyxel\engine\include\vulkan/VulkanDevice.h(179,64): warning C4324: 'Phyxel::Vulkan::UniformBufferObject': structure was padded due to alignment specifier [G:\Github\phyxel\build\engine\phyxel_core.vcxproj]
G:\Github\phyxel\engine\include\vulkan/VulkanDevice.h(180,63): warning C4324: 'Phyxel::Vulkan::UniformBufferObject': structure was padded due to alignment specifier [G:\Github\phyxel\build\engine\phyxel_core.vcxproj]
G:\Github\phyxel\engine\include\vulkan/VulkanDevice.h(181,59): warning C4324: 'Phyxel::Vulkan::UniformBufferObject': structure was padded due to alignment specifier [G:\Github\phyxel\build\engine\phyxel_core.vcxproj]
G:\Github\phyxel\engine\include\vulkan/VulkanDevice.h(182,36): warning C4324: 'Phyxel::Vulkan::UniformBufferObject': structure was padded due to alignment specifier [G:\Github\phyxel\build\engine\phyxel_core.vcxproj]
G:\Github\phyxel\engine\include\vulkan/VulkanDevice.h(195,46): warning C4324: 'Phyxel::Vulkan::UniformBufferObject': structure was padded due to alignment specifier [G:\Github\phyxel\build\engine\phyxel_core.vcxproj]
G:\Github\phyxel\engine\include\vulkan/VulkanDevice.h(205,52): warning C4324: 'Phyxel::Vulkan::UniformBufferObject': structure was padded due to alignment specifier [G:\Github\phyxel\build\engine\phyxel_core.vcxproj]
  NPCManager.cpp
G:\Github\phyxel\engine\include\scene/RagdollCharacter.h(39,76): warning C4100: 'startPos': unreferenced formal parameter [G:\Github\phyxel\build\engine\phyxel_core.vcxproj]
G:\Github\phyxel\engine\include\scene/RagdollCharacter.h(46,54): warning C4100: 'renderer': unreferenced formal parameter [G:\Github\phyxel\build\engine\phyxel_core.vcxproj]
G:\Github\phyxel\engine\include\scene/RagdollCharacter.h(48,47): warning C4100: 'pos': unreferenced formal parameter [G:\Github\phyxel\build\engine\phyxel_core.vcxproj]
G:\Github\phyxel\engine\include\scene/RagdollCharacter.h(133,55): warning C4100: 'turn': unreferenced formal parameter [G:\Github\phyxel\build\engine\phyxel_core.vcxproj]
G:\Github\phyxel\engine\include\scene/RagdollCharacter.h(133,40): warning C4100: 'forward': unreferenced formal parameter [G:\Github\phyxel\build\engine\phyxel_core.vcxproj]
G:\Github\phyxel\engine\include\core\Types.h(394,66): warning C4100: 'color': unreferenced formal parameter [G:\Github\phyxel\build\engine\phyxel_core.vcxproj]
G:\Github\phyxel\engine\include\ai/ActionSystem.h(110,31): warning C4100: 'ctx': unreferenced formal parameter [G:\Github\phyxel\build\engine\phyxel_core.vcxproj]
G:\Github\phyxel\engine\include\ai/ActionSystem.h(164,31): warning C4100: 'ctx': unreferenced formal parameter [G:\Github\phyxel\build\engine\phyxel_core.vcxproj]
G:\Github\phyxel\engine\include\ai/BehaviorTree.h(276,25): warning C4100: 'dt': unreferenced formal parameter [G:\Github\phyxel\build\engine\phyxel_core.vcxproj]
G:\Github\phyxel\engine\include\ai/BehaviorTree.h(292,25): warning C4100: 'dt': unreferenced formal parameter [G:\Github\phyxel\build\engine\phyxel_core.vcxproj]
G:\Github\phyxel\engine\include\ai/BehaviorTree.h(310,25): warning C4100: 'dt': unreferenced formal parameter [G:\Github\phyxel\build\engine\phyxel_core.vcxproj]
  PerfApi.cpp
G:\Github\phyxel\engine\include\core/Types.h(394,66): warning C4100: 'color': unreferenced formal parameter [G:\Github\phyxel\build\engine\phyxel_core.vcxproj]
G:\Github\phyxel\engine\include\vulkan/VulkanDevice.h(100,35): warning C4324: 'Phyxel::Vulkan::UniformBufferObject': structure was padded due to alignment specifier [G:\Github\phyxel\build\engine\phyxel_core.vcxproj]
G:\Github\phyxel\engine\include\vulkan/VulkanDevice.h(104,41): warning C4324: 'Phyxel::Vulkan::UniformBufferObject': structure was padded due to alignment specifier [G:\Github\phyxel\build\engine\phyxel_core.vcxproj]
G:\Github\phyxel\engine\include\vulkan/VulkanDevice.h(105,44): warning C4324: 'Phyxel::Vulkan::UniformBufferObject': structure was padded due to alignment specifier [G:\Github\phyxel\build\engine\phyxel_core.vcxproj]
G:\Github\phyxel\engine\include\vulkan/VulkanDevice.h(110,35): warning C4324: 'Phyxel::Vulkan::UniformBufferObject': structure was padded due to alignment specifier [G:\Github\phyxel\build\engine\phyxel_core.vcxproj]
G:\Github\phyxel\engine\include\vulkan/VulkanDevice.h(138,46): warning C4324: 'Phyxel::Vulkan::UniformBufferObject': structure was padded due to alignment specifier [G:\Github\phyxel\build\engine\phyxel_core.vcxproj]
G:\Github\phyxel\engine\include\vulkan/VulkanDevice.h(179,64): warning C4324: 'Phyxel::Vulkan::UniformBufferObject': structure was padded due to alignment specifier [G:\Github\phyxel\build\engine\phyxel_core.vcxproj]
G:\Github\phyxel\engine\include\vulkan/VulkanDevice.h(180,63): warning C4324: 'Phyxel::Vulkan::UniformBufferObject': structure was padded due to alignment specifier [G:\Github\phyxel\build\engine\phyxel_core.vcxproj]
G:\Github\phyxel\engine\include\vulkan/VulkanDevice.h(181,59): warning C4324: 'Phyxel::Vulkan::UniformBufferObject': structure was padded due to alignment specifier [G:\Github\phyxel\build\engine\phyxel_core.vcxproj]
G:\Github\phyxel\engine\include\vulkan/VulkanDevice.h(182,36): warning C4324: 'Phyxel::Vulkan::UniformBufferObject': structure was padded due to alignment specifier [G:\Github\phyxel\build\engine\phyxel_core.vcxproj]
G:\Github\phyxel\engine\include\vulkan/VulkanDevice.h(195,46): warning C4324: 'Phyxel::Vulkan::UniformBufferObject': structure was padded due to alignment specifier [G:\Github\phyxel\build\engine\phyxel_core.vcxproj]
G:\Github\phyxel\engine\include\vulkan/VulkanDevice.h(205,52): warning C4324: 'Phyxel::Vulkan::UniformBufferObject': structure was padded due to alignment specifier [G:\Github\phyxel\build\engine\phyxel_core.vcxproj]
G:\Github\phyxel\engine\include\graphics/RenderCoordinator.h(456,83): warning C4458: declaration of 'entities' hides class member [G:\Github\phyxel\build\engine\phyxel_core.vcxproj]
G:\Github\phyxel\engine\include\graphics/RenderCoordinator.h(672,56): message : see declaration of 'Phyxel::Graphics::RenderCoordinator::entities' [G:\Github\phyxel\build\engine\phyxel_core.vcxproj]
  WaterManager.cpp
G:\Github\phyxel\engine\include\core\Types.h(394,66): warning C4100: 'color': unreferenced formal parameter [G:\Github\phyxel\build\engine\phyxel_core.vcxproj]
G:\Github\phyxel\engine\include\vulkan/VulkanDevice.h(100,35): warning C4324: 'Phyxel::Vulkan::UniformBufferObject': structure was padded due to alignment specifier [G:\Github\phyxel\build\engine\phyxel_core.vcxproj]
G:\Github\phyxel\engine\include\vulkan/VulkanDevice.h(104,41): warning C4324: 'Phyxel::Vulkan::UniformBufferObject': structure was padded due to alignment specifier [G:\Github\phyxel\build\engine\phyxel_core.vcxproj]
G:\Github\phyxel\engine\include\vulkan/VulkanDevice.h(105,44): warning C4324: 'Phyxel::Vulkan::UniformBufferObject': structure was padded due to alignment specifier [G:\Github\phyxel\build\engine\phyxel_core.vcxproj]
G:\Github\phyxel\engine\include\vulkan/VulkanDevice.h(110,35): warning C4324: 'Phyxel::Vulkan::UniformBufferObject': structure was padded due to alignment specifier [G:\Github\phyxel\build\engine\phyxel_core.vcxproj]
G:\Github\phyxel\engine\include\vulkan/VulkanDevice.h(138,46): warning C4324: 'Phyxel::Vulkan::UniformBufferObject': structure was padded due to alignment specifier [G:\Github\phyxel\build\engine\phyxel_core.vcxproj]
G:\Github\phyxel\engine\include\vulkan/VulkanDevice.h(179,64): warning C4324: 'Phyxel::Vulkan::UniformBufferObject': structure was padded due to alignment specifier [G:\Github\phyxel\build\engine\phyxel_core.vcxproj]
G:\Github\phyxel\engine\include\vulkan/VulkanDevice.h(180,63): warning C4324: 'Phyxel::Vulkan::UniformBufferObject': structure was padded due to alignment specifier [G:\Github\phyxel\build\engine\phyxel_core.vcxproj]
G:\Github\phyxel\engine\include\vulkan/VulkanDevice.h(181,59): warning C4324: 'Phyxel::Vulkan::UniformBufferObject': structure was padded due to alignment specifier [G:\Github\phyxel\build\engine\phyxel_core.vcxproj]
G:\Github\phyxel\engine\include\vulkan/VulkanDevice.h(182,36): warning C4324: 'Phyxel::Vulkan::UniformBufferObject': structure was padded due to alignment specifier [G:\Github\phyxel\build\engine\phyxel_core.vcxproj]
G:\Github\phyxel\engine\include\vulkan/VulkanDevice.h(195,46): warning C4324: 'Phyxel::Vulkan::UniformBufferObject': structure was padded due to alignment specifier [G:\Github\phyxel\build\engine\phyxel_core.vcxproj]
G:\Github\phyxel\engine\include\vulkan/VulkanDevice.h(205,52): warning C4324: 'Phyxel::Vulkan::UniformBufferObject': structure was padded due to alignment specifier [G:\Github\phyxel\build\engine\phyxel_core.vcxproj]
  WorldInitializer.cpp
G:\Github\phyxel\engine\include\core/Types.h(394,66): warning C4100: 'color': unreferenced formal parameter [G:\Github\phyxel\build\engine\phyxel_core.vcxproj]
G:\Github\phyxel\engine\include\vulkan/VulkanDevice.h(100,35): warning C4324: 'Phyxel::Vulkan::UniformBufferObject': structure was padded due to alignment specifier [G:\Github\phyxel\build\engine\phyxel_core.vcxproj]
G:\Github\phyxel\engine\include\vulkan/VulkanDevice.h(104,41): warning C4324: 'Phyxel::Vulkan::UniformBufferObject': structure was padded due to alignment specifier [G:\Github\phyxel\build\engine\phyxel_core.vcxproj]
G:\Github\phyxel\engine\include\vulkan/VulkanDevice.h(105,44): warning C4324: 'Phyxel::Vulkan::UniformBufferObject': structure was padded due to alignment specifier [G:\Github\phyxel\build\engine\phyxel_core.vcxproj]
G:\Github\phyxel\engine\include\vulkan/VulkanDevice.h(110,35): warning C4324: 'Phyxel::Vulkan::UniformBufferObject': structure was padded due to alignment specifier [G:\Github\phyxel\build\engine\phyxel_core.vcxproj]
G:\Github\phyxel\engine\include\vulkan/VulkanDevice.h(138,46): warning C4324: 'Phyxel::Vulkan::UniformBufferObject': structure was padded due to alignment specifier [G:\Github\phyxel\build\engine\phyxel_core.vcxproj]
G:\Github\phyxel\engine\include\vulkan/VulkanDevice.h(179,64): warning C4324: 'Phyxel::Vulkan::UniformBufferObject': structure was padded due to alignment specifier [G:\Github\phyxel\build\engine\phyxel_core.vcxproj]
G:\Github\phyxel\engine\include\vulkan/VulkanDevice.h(180,63): warning C4324: 'Phyxel::Vulkan::UniformBufferObject': structure was padded due to alignment specifier [G:\Github\phyxel\build\engine\phyxel_core.vcxproj]
G:\Github\phyxel\engine\include\vulkan/VulkanDevice.h(181,59): warning C4324: 'Phyxel::Vulkan::UniformBufferObject': structure was padded due to alignment specifier [G:\Github\phyxel\build\engine\phyxel_core.vcxproj]
G:\Github\phyxel\engine\include\vulkan/VulkanDevice.h(182,36): warning C4324: 'Phyxel::Vulkan::UniformBufferObject': structure was padded due to alignment specifier [G:\Github\phyxel\build\engine\phyxel_core.vcxproj]
G:\Github\phyxel\engine\include\vulkan/VulkanDevice.h(195,46): warning C4324: 'Phyxel::Vulkan::UniformBufferObject': structure was padded due to alignment specifier [G:\Github\phyxel\build\engine\phyxel_core.vcxproj]
G:\Github\phyxel\engine\include\vulkan/VulkanDevice.h(205,52): warning C4324: 'Phyxel::Vulkan::UniformBufferObject': structure was padded due to alignment specifier [G:\Github\phyxel\build\engine\phyxel_core.vcxproj]
  GiProbeField.cpp
G:\Github\phyxel\engine\include\core/Types.h(394,66): warning C4100: 'color': unreferenced formal parameter [G:\Github\phyxel\build\engine\phyxel_core.vcxproj]
G:\Github\phyxel\engine\include\vulkan/VulkanDevice.h(100,35): warning C4324: 'Phyxel::Vulkan::UniformBufferObject': structure was padded due to alignment specifier [G:\Github\phyxel\build\engine\phyxel_core.vcxproj]
G:\Github\phyxel\engine\include\vulkan/VulkanDevice.h(104,41): warning C4324: 'Phyxel::Vulkan::UniformBufferObject': structure was padded due to alignment specifier [G:\Github\phyxel\build\engine\phyxel_core.vcxproj]
G:\Github\phyxel\engine\include\vulkan/VulkanDevice.h(105,44): warning C4324: 'Phyxel::Vulkan::UniformBufferObject': structure was padded due to alignment specifier [G:\Github\phyxel\build\engine\phyxel_core.vcxproj]
G:\Github\phyxel\engine\include\vulkan/VulkanDevice.h(110,35): warning C4324: 'Phyxel::Vulkan::UniformBufferObject': structure was padded due to alignment specifier [G:\Github\phyxel\build\engine\phyxel_core.vcxproj]
G:\Github\phyxel\engine\include\vulkan/VulkanDevice.h(138,46): warning C4324: 'Phyxel::Vulkan::UniformBufferObject': structure was padded due to alignment specifier [G:\Github\phyxel\build\engine\phyxel_core.vcxproj]
G:\Github\phyxel\engine\include\vulkan/VulkanDevice.h(179,64): warning C4324: 'Phyxel::Vulkan::UniformBufferObject': structure was padded due to alignment specifier [G:\Github\phyxel\build\engine\phyxel_core.vcxproj]
G:\Github\phyxel\engine\include\vulkan/VulkanDevice.h(180,63): warning C4324: 'Phyxel::Vulkan::UniformBufferObject': structure was padded due to alignment specifier [G:\Github\phyxel\build\engine\phyxel_core.vcxproj]
G:\Github\phyxel\engine\include\vulkan/VulkanDevice.h(181,59): warning C4324: 'Phyxel::Vulkan::UniformBufferObject': structure was padded due to alignment specifier [G:\Github\phyxel\build\engine\phyxel_core.vcxproj]
G:\Github\phyxel\engine\include\vulkan/VulkanDevice.h(182,36): warning C4324: 'Phyxel::Vulkan::UniformBufferObject': structure was padded due to alignment specifier [G:\Github\phyxel\build\engine\phyxel_core.vcxproj]
G:\Github\phyxel\engine\include\vulkan/VulkanDevice.h(195,46): warning C4324: 'Phyxel::Vulkan::UniformBufferObject': structure was padded due to alignment specifier [G:\Github\phyxel\build\engine\phyxel_core.vcxproj]
G:\Github\phyxel\engine\include\vulkan/VulkanDevice.h(205,52): warning C4324: 'Phyxel::Vulkan::UniformBufferObject': structure was padded due to alignment specifier [G:\Github\phyxel\build\engine\phyxel_core.vcxproj]
  LightManager.cpp
  PostProcessor.cpp
G:\Github\phyxel\engine\include\core/Types.h(394,66): warning C4100: 'color': unreferenced formal parameter [G:\Github\phyxel\build\engine\phyxel_core.vcxproj]
G:\Github\phyxel\engine\include\vulkan/VulkanDevice.h(100,35): warning C4324: 'Phyxel::Vulkan::UniformBufferObject': structure was padded due to alignment specifier [G:\Github\phyxel\build\engine\phyxel_core.vcxproj]
G:\Github\phyxel\engine\include\vulkan/VulkanDevice.h(104,41): warning C4324: 'Phyxel::Vulkan::UniformBufferObject': structure was padded due to alignment specifier [G:\Github\phyxel\build\engine\phyxel_core.vcxproj]
G:\Github\phyxel\engine\include\vulkan/VulkanDevice.h(105,44): warning C4324: 'Phyxel::Vulkan::UniformBufferObject': structure was padded due to alignment specifier [G:\Github\phyxel\build\engine\phyxel_core.vcxproj]
G:\Github\phyxel\engine\include\vulkan/VulkanDevice.h(110,35): warning C4324: 'Phyxel::Vulkan::UniformBufferObject': structure was padded due to alignment specifier [G:\Github\phyxel\build\engine\phyxel_core.vcxproj]
G:\Github\phyxel\engine\include\vulkan/VulkanDevice.h(138,46): warning C4324: 'Phyxel::Vulkan::UniformBufferObject': structure was padded due to alignment specifier [G:\Github\phyxel\build\engine\phyxel_core.vcxproj]
G:\Github\phyxel\engine\include\vulkan/VulkanDevice.h(179,64): warning C4324: 'Phyxel::Vulkan::UniformBufferObject': structure was padded due to alignment specifier [G:\Github\phyxel\build\engine\phyxel_core.vcxproj]
G:\Github\phyxel\engine\include\vulkan/VulkanDevice.h(180,63): warning C4324: 'Phyxel::Vulkan::UniformBufferObject': structure was padded due to alignment specifier [G:\Github\phyxel\build\engine\phyxel_core.vcxproj]
G:\Github\phyxel\engine\include\vulkan/VulkanDevice.h(181,59): warning C4324: 'Phyxel::Vulkan::UniformBufferObject': structure was padded due to alignment specifier [G:\Github\phyxel\build\engine\phyxel_core.vcxproj]
G:\Github\phyxel\engine\include\vulkan/VulkanDevice.h(182,36): warning C4324: 'Phyxel::Vulkan::UniformBufferObject': structure was padded due to alignment specifier [G:\Github\phyxel\build\engine\phyxel_core.vcxproj]
G:\Github\phyxel\engine\include\vulkan/VulkanDevice.h(195,46): warning C4324: 'Phyxel::Vulkan::UniformBufferObject': structure was padded due to alignment specifier [G:\Github\phyxel\build\engine\phyxel_core.vcxproj]
G:\Github\phyxel\engine\include\vulkan/VulkanDevice.h(205,52): warning C4324: 'Phyxel::Vulkan::UniformBufferObject': structure was padded due to alignment specifier [G:\Github\phyxel\build\engine\phyxel_core.vcxproj]
G:\Github\phyxel\engine\src\graphics\PostProcessor.cpp(1201,75): warning C4458: declaration of 'width' hides class member [G:\Github\phyxel\build\engine\phyxel_core.vcxproj]
G:\Github\phyxel\engine\include\graphics/PostProcessor.h(129,14): message : see declaration of 'Phyxel::Graphics::PostProcessor::width' [G:\Github\phyxel\build\engine\phyxel_core.vcxproj]
G:\Github\phyxel\engine\src\graphics\PostProcessor.cpp(1201,75): warning C4458: declaration of 'height' hides class member [G:\Github\phyxel\build\engine\phyxel_core.vcxproj]
G:\Github\phyxel\engine\include\graphics/PostProcessor.h(130,14): message : see declaration of 'Phyxel::Graphics::PostProcessor::height' [G:\Github\phyxel\build\engine\phyxel_core.vcxproj]
G:\Github\phyxel\engine\src\graphics\PostProcessor.cpp(1288,77): warning C4458: declaration of 'width' hides class member [G:\Github\phyxel\build\engine\phyxel_core.vcxproj]
G:\Github\phyxel\engine\include\graphics/PostProcessor.h(129,14): message : see declaration of 'Phyxel::Graphics::PostProcessor::width' [G:\Github\phyxel\build\engine\phyxel_core.vcxproj]
G:\Github\phyxel\engine\src\graphics\PostProcessor.cpp(1288,77): warning C4458: declaration of 'height' hides class member [G:\Github\phyxel\build\engine\phyxel_core.vcxproj]
G:\Github\phyxel\engine\include\graphics/PostProcessor.h(130,14): message : see declaration of 'Phyxel::Graphics::PostProcessor::height' [G:\Github\phyxel\build\engine\phyxel_core.vcxproj]
  RaycastVisualizer.cpp
G:\Github\phyxel\engine\include\core/Types.h(394,66): warning C4100: 'color': unreferenced formal parameter [G:\Github\phyxel\build\engine\phyxel_core.vcxproj]
G:\Github\phyxel\engine\include\vulkan/VulkanDevice.h(100,35): warning C4324: 'Phyxel::Vulkan::UniformBufferObject': structure was padded due to alignment specifier [G:\Github\phyxel\build\engine\phyxel_core.vcxproj]
G:\Github\phyxel\engine\include\vulkan/VulkanDevice.h(104,41): warning C4324: 'Phyxel::Vulkan::UniformBufferObject': structure was padded due to alignment specifier [G:\Github\phyxel\build\engine\phyxel_core.vcxproj]
G:\Github\phyxel\engine\include\vulkan/VulkanDevice.h(105,44): warning C4324: 'Phyxel::Vulkan::UniformBufferObject': structure was padded due to alignment specifier [G:\Github\phyxel\build\engine\phyxel_core.vcxproj]
G:\Github\phyxel\engine\include\vulkan/VulkanDevice.h(110,35): warning C4324: 'Phyxel::Vulkan::UniformBufferObject': structure was padded due to alignment specifier [G:\Github\phyxel\build\engine\phyxel_core.vcxproj]
G:\Github\phyxel\engine\include\vulkan/VulkanDevice.h(138,46): warning C4324: 'Phyxel::Vulkan::UniformBufferObject': structure was padded due to alignment specifier [G:\Github\phyxel\build\engine\phyxel_core.vcxproj]
G:\Github\phyxel\engine\include\vulkan/VulkanDevice.h(179,64): warning C4324: 'Phyxel::Vulkan::UniformBufferObject': structure was padded due to alignment specifier [G:\Github\phyxel\build\engine\phyxel_core.vcxproj]
G:\Github\phyxel\engine\include\vulkan/VulkanDevice.h(180,63): warning C4324: 'Phyxel::Vulkan::UniformBufferObject': structure was padded due to alignment specifier [G:\Github\phyxel\build\engine\phyxel_core.vcxproj]
G:\Github\phyxel\engine\include\vulkan/VulkanDevice.h(181,59): warning C4324: 'Phyxel::Vulkan::UniformBufferObject': structure was padded due to alignment specifier [G:\Github\phyxel\build\engine\phyxel_core.vcxproj]
G:\Github\phyxel\engine\include\vulkan/VulkanDevice.h(182,36): warning C4324: 'Phyxel::Vulkan::UniformBufferObject': structure was padded due to alignment specifier [G:\Github\phyxel\build\engine\phyxel_core.vcxproj]
G:\Github\phyxel\engine\include\vulkan/VulkanDevice.h(195,46): warning C4324: 'Phyxel::Vulkan::UniformBufferObject': structure was padded due to alignment specifier [G:\Github\phyxel\build\engine\phyxel_core.vcxproj]
G:\Github\phyxel\engine\include\vulkan/VulkanDevice.h(205,52): warning C4324: 'Phyxel::Vulkan::UniformBufferObject': structure was padded due to alignment specifier [G:\Github\phyxel\build\engine\phyxel_core.vcxproj]
G:\Github\phyxel\engine\src\graphics\RaycastVisualizer.cpp(319,48): warning C4100: 'currentFrame': unreferenced formal parameter [G:\Github\phyxel\build\engine\phyxel_core.vcxproj]
G:\Github\phyxel\engine\src\graphics\RaycastVisualizer.cpp(363,72): warning C4100: 'currentFrame': unreferenced formal parameter [G:\Github\phyxel\build\engine\phyxel_core.vcxproj]
  RenderCoordinator.cpp
G:\Github\phyxel\engine\include\core/Types.h(394,66): warning C4100: 'color': unreferenced formal parameter [G:\Github\phyxel\build\engine\phyxel_core.vcxproj]
G:\Github\phyxel\engine\include\vulkan/VulkanDevice.h(100,35): warning C4324: 'Phyxel::Vulkan::UniformBufferObject': structure was padded due to alignment specifier [G:\Github\phyxel\build\engine\phyxel_core.vcxproj]
G:\Github\phyxel\engine\include\vulkan/VulkanDevice.h(104,41): warning C4324: 'Phyxel::Vulkan::UniformBufferObject': structure was padded due to alignment specifier [G:\Github\phyxel\build\engine\phyxel_core.vcxproj]
G:\Github\phyxel\engine\include\vulkan/VulkanDevice.h(105,44): warning C4324: 'Phyxel::Vulkan::UniformBufferObject': structure was padded due to alignment specifier [G:\Github\phyxel\build\engine\phyxel_core.vcxproj]
G:\Github\phyxel\engine\include\vulkan/VulkanDevice.h(110,35): warning C4324: 'Phyxel::Vulkan::UniformBufferObject': structure was padded due to alignment specifier [G:\Github\phyxel\build\engine\phyxel_core.vcxproj]
G:\Github\phyxel\engine\include\vulkan/VulkanDevice.h(138,46): warning C4324: 'Phyxel::Vulkan::UniformBufferObject': structure was padded due to alignment specifier [G:\Github\phyxel\build\engine\phyxel_core.vcxproj]
G:\Github\phyxel\engine\include\vulkan/VulkanDevice.h(179,64): warning C4324: 'Phyxel::Vulkan::UniformBufferObject': structure was padded due to alignment specifier [G:\Github\phyxel\build\engine\phyxel_core.vcxproj]
G:\Github\phyxel\engine\include\vulkan/VulkanDevice.h(180,63): warning C4324: 'Phyxel::Vulkan::UniformBufferObject': structure was padded due to alignment specifier [G:\Github\phyxel\build\engine\phyxel_core.vcxproj]
G:\Github\phyxel\engine\include\vulkan/VulkanDevice.h(181,59): warning C4324: 'Phyxel::Vulkan::UniformBufferObject': structure was padded due to alignment specifier [G:\Github\phyxel\build\engine\phyxel_core.vcxproj]
G:\Github\phyxel\engine\include\vulkan/VulkanDevice.h(182,36): warning C4324: 'Phyxel::Vulkan::UniformBufferObject': structure was padded due to alignment specifier [G:\Github\phyxel\build\engine\phyxel_core.vcxproj]
G:\Github\phyxel\engine\include\vulkan/VulkanDevice.h(195,46): warning C4324: 'Phyxel::Vulkan::UniformBufferObject': structure was padded due to alignment specifier [G:\Github\phyxel\build\engine\phyxel_core.vcxproj]
G:\Github\phyxel\engine\include\vulkan/VulkanDevice.h(205,52): warning C4324: 'Phyxel::Vulkan::UniformBufferObject': structure was padded due to alignment specifier [G:\Github\phyxel\build\engine\phyxel_core.vcxproj]
G:\Github\phyxel\engine\include\graphics/RenderCoordinator.h(456,83): warning C4458: declaration of 'entities' hides class member [G:\Github\phyxel\build\engine\phyxel_core.vcxproj]
G:\Github\phyxel\engine\include\graphics/RenderCoordinator.h(672,56): message : see declaration of 'Phyxel::Graphics::RenderCoordinator::entities' [G:\Github\phyxel\build\engine\phyxel_core.vcxproj]
G:\Github\phyxel\engine\include\ui/UIWidget.h(120,86): warning C4100: 'theme': unreferenced formal parameter [G:\Github\phyxel\build\engine\phyxel_core.vcxproj]
G:\Github\phyxel\engine\include\ui/UIWidget.h(120,60): warning C4100: 'widgetPos': unreferenced formal parameter [G:\Github\phyxel\build\engine\phyxel_core.vcxproj]
G:\Github\phyxel\engine\include\ui/UIWidget.h(120,40): warning C4100: 'mousePos': unreferenced formal parameter [G:\Github\phyxel\build\engine\phyxel_core.vcxproj]
G:\Github\phyxel\engine\include\ui/UIWidget.h(123,32): warning C4100: 'glfwKey': unreferenced formal parameter [G:\Github\phyxel\build\engine\phyxel_core.vcxproj]
G:\Github\phyxel\engine\include\ui/UIWidget.h(126,85): warning C4100: 'theme': unreferenced formal parameter [G:\Github\phyxel\build\engine\phyxel_core.vcxproj]
G:\Github\phyxel\engine\include\ui/UIWidget.h(126,59): warning C4100: 'widgetPos': unreferenced formal parameter [G:\Github\phyxel\build\engine\phyxel_core.vcxproj]
G:\Github\phyxel\engine\include\ui/UIWidget.h(126,39): warning C4100: 'mousePos': unreferenced formal parameter [G:\Github\phyxel\build\engine\phyxel_core.vcxproj]
G:\Github\phyxel\engine\include\scene/RagdollCharacter.h(39,76): warning C4100: 'startPos': unreferenced formal parameter [G:\Github\phyxel\build\engine\phyxel_core.vcxproj]
G:\Github\phyxel\engine\include\scene/RagdollCharacter.h(46,54): warning C4100: 'renderer': unreferenced formal parameter [G:\Github\phyxel\build\engine\phyxel_core.vcxproj]
G:\Github\phyxel\engine\include\scene/RagdollCharacter.h(48,47): warning C4100: 'pos': unreferenced formal parameter [G:\Github\phyxel\build\engine\phyxel_core.vcxproj]
G:\Github\phyxel\engine\include\scene/RagdollCharacter.h(133,55): warning C4100: 'turn': unreferenced formal parameter [G:\Github\phyxel\build\engine\phyxel_core.vcxproj]
G:\Github\phyxel\engine\include\scene/RagdollCharacter.h(133,40): warning C4100: 'forward': unreferenced formal parameter [G:\Github\phyxel\build\engine\phyxel_core.vcxproj]
G:\Github\phyxel\engine\src\graphics\RenderCoordinator.cpp(283,1): error C2665: 'Phyxel::Graphics::LightManager::addPointLight': none of the 2 overloads could convert all the argument types [G:\Github\phyxel\build\engine\phyxel_core.vcxproj]
G:\Github\phyxel\engine\include\graphics/LightManager.h(22,9): message : could be 'int Phyxel::Graphics::LightManager::addPointLight(Phyxel::Graphics::LightSource,const glm::vec3 &,const glm::vec3 &,float,float)' [G:\Github\phyxel\build\engine\phyxel_core.vcxproj]
G:\Github\phyxel\engine\src\graphics\RenderCoordinator.cpp(283,32): message : 'int Phyxel::Graphics::LightManager::addPointLight(Phyxel::Graphics::LightSource,const glm::vec3 &,const glm::vec3 &,float,float)': cannot convert argument 1 from 'const glm::vec3' to 'Phyxel::Graphics::LightSource' [G:\Github\phyxel\build\engine\phyxel_core.vcxproj]
G:\Github\phyxel\engine\src\graphics\RenderCoordinator.cpp(283,47): message : No user-defined-conversion operator available that can perform this conversion, or the operator cannot be called [G:\Github\phyxel\build\engine\phyxel_core.vcxproj]
G:\Github\phyxel\engine\include\graphics/LightManager.h(22,9): message : see declaration of 'Phyxel::Graphics::LightManager::addPointLight' [G:\Github\phyxel\build\engine\phyxel_core.vcxproj]
G:\Github\phyxel\engine\src\graphics\RenderCoordinator.cpp(283,1): message : while trying to match the argument list '(const glm::vec3, const glm::vec3, float, float)' [G:\Github\phyxel\build\engine\phyxel_core.vcxproj]
G:\Github\phyxel\engine\src\graphics\RenderCoordinator.cpp(281,14): error C2664: 'void Phyxel::VfxSystem::setLightCallbacks(Phyxel::VfxSystem::AddLightFn,Phyxel::VfxSystem::MoveLightFn,Phyxel::VfxSystem::RemoveLightFn,Phyxel::VfxSystem::SetIntensityFn)': cannot convert argument 1 from 'Phyxel::Graphics::RenderCoordinator::{ctor}::<lambda_ffc57fc94d00282d3bce386f869e949d>' to 'Phyxel::VfxSystem::AddLightFn' [G:\Github\phyxel\build\engine\phyxel_core.vcxproj]
G:\Github\phyxel\engine\src\graphics\RenderCoordinator.cpp(284,9): message : No user-defined-conversion operator available that can perform this conversion, or the operator cannot be called [G:\Github\phyxel\build\engine\phyxel_core.vcxproj]
G:\Github\phyxel\engine\include\core/VfxSystem.h(216,10): message : see declaration of 'Phyxel::VfxSystem::setLightCallbacks' [G:\Github\phyxel\build\engine\phyxel_core.vcxproj]
G:\Github\phyxel\engine\src\graphics\RenderCoordinator.cpp(1234,48): error C2665: 'Phyxel::Graphics::LightManager::addPointLight': none of the 2 overloads could convert all the argument types [G:\Github\phyxel\build\engine\phyxel_core.vcxproj]
G:\Github\phyxel\engine\include\graphics/LightManager.h(22,9): message : could be 'int Phyxel::Graphics::LightManager::addPointLight(Phyxel::Graphics::LightSource,const glm::vec3 &,const glm::vec3 &,float,float)' [G:\Github\phyxel\build\engine\phyxel_core.vcxproj]
G:\Github\phyxel\engine\src\graphics\RenderCoordinator.cpp(1234,48): message : 'int Phyxel::Graphics::LightManager::addPointLight(Phyxel::Graphics::LightSource,const glm::vec3 &,const glm::vec3 &,float,float)': cannot convert argument 1 from 'const glm::vec3' to 'Phyxel::Graphics::LightSource' [G:\Github\phyxel\build\engine\phyxel_core.vcxproj]
G:\Github\phyxel\engine\src\graphics\RenderCoordinator.cpp(1234,64): message : No user-defined-conversion operator available that can perform this conversion, or the operator cannot be called [G:\Github\phyxel\build\engine\phyxel_core.vcxproj]
G:\Github\phyxel\engine\include\graphics/LightManager.h(22,9): message : see declaration of 'Phyxel::Graphics::LightManager::addPointLight' [G:\Github\phyxel\build\engine\phyxel_core.vcxproj]
G:\Github\phyxel\engine\src\graphics\RenderCoordinator.cpp(1235,85): message : while trying to match the argument list '(const glm::vec3, const glm::vec3, const float, const float)' [G:\Github\phyxel\build\engine\phyxel_core.vcxproj]
G:\Github\phyxel\engine\src\graphics\RenderCoordinator.cpp(1234,31): error C2737: 'id': const object must be initialized [G:\Github\phyxel\build\engine\phyxel_core.vcxproj]
G:\Github\phyxel\engine\src\graphics\RenderCoordinator.cpp(2451,42): warning C4458: declaration of 'sunDirection' hides class member [G:\Github\phyxel\build\engine\phyxel_core.vcxproj]
G:\Github\phyxel\engine\include\graphics/RenderCoordinator.h(1002,15): message : see declaration of 'Phyxel::Graphics::RenderCoordinator::sunDirection' [G:\Github\phyxel\build\engine\phyxel_core.vcxproj]
G:\Github\phyxel\engine\src\graphics\RenderCoordinator.cpp(3101,65): warning C4458: declaration of 'currentFrame' hides class member [G:\Github\phyxel\build\engine\phyxel_core.vcxproj]
G:\Github\phyxel\engine\include\graphics/RenderCoordinator.h(976,14): message : see declaration of 'Phyxel::Graphics::RenderCoordinator::currentFrame' [G:\Github\phyxel\build\engine\phyxel_core.vcxproj]
  ShadowMap.cpp
G:\Github\phyxel\engine\include\core/Types.h(394,66): warning C4100: 'color': unreferenced formal parameter [G:\Github\phyxel\build\engine\phyxel_core.vcxproj]
G:\Github\phyxel\engine\include\vulkan/VulkanDevice.h(100,35): warning C4324: 'Phyxel::Vulkan::UniformBufferObject': structure was padded due to alignment specifier [G:\Github\phyxel\build\engine\phyxel_core.vcxproj]
G:\Github\phyxel\engine\include\vulkan/VulkanDevice.h(104,41): warning C4324: 'Phyxel::Vulkan::UniformBufferObject': structure was padded due to alignment specifier [G:\Github\phyxel\build\engine\phyxel_core.vcxproj]
G:\Github\phyxel\engine\include\vulkan/VulkanDevice.h(105,44): warning C4324: 'Phyxel::Vulkan::UniformBufferObject': structure was padded due to alignment specifier [G:\Github\phyxel\build\engine\phyxel_core.vcxproj]
G:\Github\phyxel\engine\include\vulkan/VulkanDevice.h(110,35): warning C4324: 'Phyxel::Vulkan::UniformBufferObject': structure was padded due to alignment specifier [G:\Github\phyxel\build\engine\phyxel_core.vcxproj]
G:\Github\phyxel\engine\include\vulkan/VulkanDevice.h(138,46): warning C4324: 'Phyxel::Vulkan::UniformBufferObject': structure was padded due to alignment specifier [G:\Github\phyxel\build\engine\phyxel_core.vcxproj]
G:\Github\phyxel\engine\include\vulkan/VulkanDevice.h(179,64): warning C4324: 'Phyxel::Vulkan::UniformBufferObject': structure was padded due to alignment specifier [G:\Github\phyxel\build\engine\phyxel_core.vcxproj]
G:\Github\phyxel\engine\include\vulkan/VulkanDevice.h(180,63): warning C4324: 'Phyxel::Vulkan::UniformBufferObject': structure was padded due to alignment specifier [G:\Github\phyxel\build\engine\phyxel_core.vcxproj]
G:\Github\phyxel\engine\include\vulkan/VulkanDevice.h(181,59): warning C4324: 'Phyxel::Vulkan::UniformBufferObject': structure was padded due to alignment specifier [G:\Github\phyxel\build\engine\phyxel_core.vcxproj]
G:\Github\phyxel\engine\include\vulkan/VulkanDevice.h(182,36): warning C4324: 'Phyxel::Vulkan::UniformBufferObject': structure was padded due to alignment specifier [G:\Github\phyxel\build\engine\phyxel_core.vcxproj]
G:\Github\phyxel\engine\include\vulkan/VulkanDevice.h(195,46): warning C4324: 'Phyxel::Vulkan::UniformBufferObject': structure was padded due to alignment specifier [G:\Github\phyxel\build\engine\phyxel_core.vcxproj]
G:\Github\phyxel\engine\include\vulkan/VulkanDevice.h(205,52): warning C4324: 'Phyxel::Vulkan::UniformBufferObject': structure was padded due to alignment specifier [G:\Github\phyxel\build\engine\phyxel_core.vcxproj]
  NPCEntity.cpp
G:\Github\phyxel\engine\include\scene/RagdollCharacter.h(39,76): warning C4100: 'startPos': unreferenced formal parameter [G:\Github\phyxel\build\engine\phyxel_core.vcxproj]
G:\Github\phyxel\engine\include\scene/RagdollCharacter.h(46,54): warning C4100: 'renderer': unreferenced formal parameter [G:\Github\phyxel\build\engine\phyxel_core.vcxproj]
G:\Github\phyxel\engine\include\scene/RagdollCharacter.h(48,47): warning C4100: 'pos': unreferenced formal parameter [G:\Github\phyxel\build\engine\phyxel_core.vcxproj]
G:\Github\phyxel\engine\include\scene/RagdollCharacter.h(133,55): warning C4100: 'turn': unreferenced formal parameter [G:\Github\phyxel\build\engine\phyxel_core.vcxproj]
G:\Github\phyxel\engine\include\scene/RagdollCharacter.h(133,40): warning C4100: 'forward': unreferenced formal parameter [G:\Github\phyxel\build\engine\phyxel_core.vcxproj]
  GameMenuRenderer.cpp
G:\Github\phyxel\engine\include\core/Types.h(394,66): warning C4100: 'color': unreferenced formal parameter [G:\Github\phyxel\build\engine\phyxel_core.vcxproj]
G:\Github\phyxel\engine\include\vulkan/VulkanDevice.h(100,35): warning C4324: 'Phyxel::Vulkan::UniformBufferObject': structure was padded due to alignment specifier [G:\Github\phyxel\build\engine\phyxel_core.vcxproj]
G:\Github\phyxel\engine\include\vulkan/VulkanDevice.h(104,41): warning C4324: 'Phyxel::Vulkan::UniformBufferObject': structure was padded due to alignment specifier [G:\Github\phyxel\build\engine\phyxel_core.vcxproj]
G:\Github\phyxel\engine\include\vulkan/VulkanDevice.h(105,44): warning C4324: 'Phyxel::Vulkan::UniformBufferObject': structure was padded due to alignment specifier [G:\Github\phyxel\build\engine\phyxel_core.vcxproj]
G:\Github\phyxel\engine\include\vulkan/VulkanDevice.h(110,35): warning C4324: 'Phyxel::Vulkan::UniformBufferObject': structure was padded due to alignment specifier [G:\Github\phyxel\build\engine\phyxel_core.vcxproj]
G:\Github\phyxel\engine\include\vulkan/VulkanDevice.h(138,46): warning C4324: 'Phyxel::Vulkan::UniformBufferObject': structure was padded due to alignment specifier [G:\Github\phyxel\build\engine\phyxel_core.vcxproj]
G:\Github\phyxel\engine\include\vulkan/VulkanDevice.h(179,64): warning C4324: 'Phyxel::Vulkan::UniformBufferObject': structure was padded due to alignment specifier [G:\Github\phyxel\build\engine\phyxel_core.vcxproj]
G:\Github\phyxel\engine\include\vulkan/VulkanDevice.h(180,63): warning C4324: 'Phyxel::Vulkan::UniformBufferObject': structure was padded due to alignment specifier [G:\Github\phyxel\build\engine\phyxel_core.vcxproj]
G:\Github\phyxel\engine\include\vulkan/VulkanDevice.h(181,59): warning C4324: 'Phyxel::Vulkan::UniformBufferObject': structure was padded due to alignment specifier [G:\Github\phyxel\build\engine\phyxel_core.vcxproj]
G:\Github\phyxel\engine\include\vulkan/VulkanDevice.h(182,36): warning C4324: 'Phyxel::Vulkan::UniformBufferObject': structure was padded due to alignment specifier [G:\Github\phyxel\build\engine\phyxel_core.vcxproj]
G:\Github\phyxel\engine\include\vulkan/VulkanDevice.h(195,46): warning C4324: 'Phyxel::Vulkan::UniformBufferObject': structure was padded due to alignment specifier [G:\Github\phyxel\build\engine\phyxel_core.vcxproj]
G:\Github\phyxel\engine\include\vulkan/VulkanDevice.h(205,52): warning C4324: 'Phyxel::Vulkan::UniformBufferObject': structure was padded due to alignment specifier [G:\Github\phyxel\build\engine\phyxel_core.vcxproj]
G:\Github\phyxel\engine\src\ui\GameMenuRenderer.cpp(377,74): warning C4100: 'dt': unreferenced formal parameter [G:\Github\phyxel\build\engine\phyxel_core.vcxproj]
  ImGuiRenderer.cpp
G:\Github\phyxel\engine\include\core/Types.h(394,66): warning C4100: 'color': unreferenced formal parameter [G:\Github\phyxel\build\engine\phyxel_core.vcxproj]
G:\Github\phyxel\engine\include\vulkan/VulkanDevice.h(100,35): warning C4324: 'Phyxel::Vulkan::UniformBufferObject': structure was padded due to alignment specifier [G:\Github\phyxel\build\engine\phyxel_core.vcxproj]
G:\Github\phyxel\engine\include\vulkan/VulkanDevice.h(104,41): warning C4324: 'Phyxel::Vulkan::UniformBufferObject': structure was padded due to alignment specifier [G:\Github\phyxel\build\engine\phyxel_core.vcxproj]
G:\Github\phyxel\engine\include\vulkan/VulkanDevice.h(105,44): warning C4324: 'Phyxel::Vulkan::UniformBufferObject': structure was padded due to alignment specifier [G:\Github\phyxel\build\engine\phyxel_core.vcxproj]
G:\Github\phyxel\engine\include\vulkan/VulkanDevice.h(110,35): warning C4324: 'Phyxel::Vulkan::UniformBufferObject': structure was padded due to alignment specifier [G:\Github\phyxel\build\engine\phyxel_core.vcxproj]
G:\Github\phyxel\engine\include\vulkan/VulkanDevice.h(138,46): warning C4324: 'Phyxel::Vulkan::UniformBufferObject': structure was padded due to alignment specifier [G:\Github\phyxel\build\engine\phyxel_core.vcxproj]
G:\Github\phyxel\engine\include\vulkan/VulkanDevice.h(179,64): warning C4324: 'Phyxel::Vulkan::UniformBufferObject': structure was padded due to alignment specifier [G:\Github\phyxel\build\engine\phyxel_core.vcxproj]
G:\Github\phyxel\engine\include\vulkan/VulkanDevice.h(180,63): warning C4324: 'Phyxel::Vulkan::UniformBufferObject': structure was padded due to alignment specifier [G:\Github\phyxel\build\engine\phyxel_core.vcxproj]
G:\Github\phyxel\engine\include\vulkan/VulkanDevice.h(181,59): warning C4324: 'Phyxel::Vulkan::UniformBufferObject': structure was padded due to alignment specifier [G:\Github\phyxel\build\engine\phyxel_core.vcxproj]
G:\Github\phyxel\engine\include\vulkan/VulkanDevice.h(182,36): warning C4324: 'Phyxel::Vulkan::UniformBufferObject': structure was padded due to alignment specifier [G:\Github\phyxel\build\engine\phyxel_core.vcxproj]
G:\Github\phyxel\engine\include\vulkan/VulkanDevice.h(195,46): warning C4324: 'Phyxel::Vulkan::UniformBufferObject': structure was padded due to alignment specifier [G:\Github\phyxel\build\engine\phyxel_core.vcxproj]
G:\Github\phyxel\engine\include\vulkan/VulkanDevice.h(205,52): warning C4324: 'Phyxel::Vulkan::UniformBufferObject': structure was padded due to alignment specifier [G:\Github\phyxel\build\engine\phyxel_core.vcxproj]
G:\Github\phyxel\engine\src\ui\ImGuiRenderer.cpp(259,60): warning C4100: 'imageIndex': unreferenced formal parameter [G:\Github\phyxel\build\engine\phyxel_core.vcxproj]
G:\Github\phyxel\engine\src\ui\ImGuiRenderer.cpp(471,19): warning C4244: 'initializing': conversion from 'int' to 'float', possible loss of data [G:\Github\phyxel\build\engine\phyxel_core.vcxproj]
G:\Github\phyxel\engine\src\ui\ImGuiRenderer.cpp(526,106): warning C4267: 'initializing': conversion from 'size_t' to 'int', possible loss of data [G:\Github\phyxel\build\engine\phyxel_core.vcxproj]
G:\Github\phyxel\engine\src\ui\ImGuiRenderer.cpp(820,57): error C2661: 'Phyxel::Graphics::LightManager::addPointLight': no overloaded function takes 1 arguments [G:\Github\phyxel\build\engine\phyxel_core.vcxproj]
G:\Github\phyxel\engine\src\ui\ImGuiRenderer.cpp(875,56): error C2661: 'Phyxel::Graphics::LightManager::addSpotLight': no overloaded function takes 1 arguments [G:\Github\phyxel\build\engine\phyxel_core.vcxproj]
  UIRenderer.cpp
G:\Github\phyxel\engine\include\core/Types.h(394,66): warning C4100: 'color': unreferenced formal parameter [G:\Github\phyxel\build\engine\phyxel_core.vcxproj]
G:\Github\phyxel\engine\include\vulkan/VulkanDevice.h(100,35): warning C4324: 'Phyxel::Vulkan::UniformBufferObject': structure was padded due to alignment specifier [G:\Github\phyxel\build\engine\phyxel_core.vcxproj]
G:\Github\phyxel\engine\include\vulkan/VulkanDevice.h(104,41): warning C4324: 'Phyxel::Vulkan::UniformBufferObject': structure was padded due to alignment specifier [G:\Github\phyxel\build\engine\phyxel_core.vcxproj]
G:\Github\phyxel\engine\include\vulkan/VulkanDevice.h(105,44): warning C4324: 'Phyxel::Vulkan::UniformBufferObject': structure was padded due to alignment specifier [G:\Github\phyxel\build\engine\phyxel_core.vcxproj]
G:\Github\phyxel\engine\include\vulkan/VulkanDevice.h(110,35): warning C4324: 'Phyxel::Vulkan::UniformBufferObject': structure was padded due to alignment specifier [G:\Github\phyxel\build\engine\phyxel_core.vcxproj]
G:\Github\phyxel\engine\include\vulkan/VulkanDevice.h(138,46): warning C4324: 'Phyxel::Vulkan::UniformBufferObject': structure was padded due to alignment specifier [G:\Github\phyxel\build\engine\phyxel_core.vcxproj]
G:\Github\phyxel\engine\include\vulkan/VulkanDevice.h(179,64): warning C4324: 'Phyxel::Vulkan::UniformBufferObject': structure was padded due to alignment specifier [G:\Github\phyxel\build\engine\phyxel_core.vcxproj]
G:\Github\phyxel\engine\include\vulkan/VulkanDevice.h(180,63): warning C4324: 'Phyxel::Vulkan::UniformBufferObject': structure was padded due to alignment specifier [G:\Github\phyxel\build\engine\phyxel_core.vcxproj]
G:\Github\phyxel\engine\include\vulkan/VulkanDevice.h(181,59): warning C4324: 'Phyxel::Vulkan::UniformBufferObject': structure was padded due to alignment specifier [G:\Github\phyxel\build\engine\phyxel_core.vcxproj]
G:\Github\phyxel\engine\include\vulkan/VulkanDevice.h(182,36): warning C4324: 'Phyxel::Vulkan::UniformBufferObject': structure was padded due to alignment specifier [G:\Github\phyxel\build\engine\phyxel_core.vcxproj]
G:\Github\phyxel\engine\include\vulkan/VulkanDevice.h(195,46): warning C4324: 'Phyxel::Vulkan::UniformBufferObject': structure was padded due to alignment specifier [G:\Github\phyxel\build\engine\phyxel_core.vcxproj]
G:\Github\phyxel\engine\include\vulkan/VulkanDevice.h(205,52): warning C4324: 'Phyxel::Vulkan::UniformBufferObject': structure was padded due to alignment specifier [G:\Github\phyxel\build\engine\phyxel_core.vcxproj]
  Generating Code...
  Compiling...
  GpuProfiler.cpp
G:\Github\phyxel\engine\include\core/Types.h(394,66): warning C4100: 'color': unreferenced formal parameter [G:\Github\phyxel\build\engine\phyxel_core.vcxproj]
G:\Github\phyxel\engine\include\vulkan/VulkanDevice.h(100,35): warning C4324: 'Phyxel::Vulkan::UniformBufferObject': structure was padded due to alignment specifier [G:\Github\phyxel\build\engine\phyxel_core.vcxproj]
G:\Github\phyxel\engine\include\vulkan/VulkanDevice.h(104,41): warning C4324: 'Phyxel::Vulkan::UniformBufferObject': structure was padded due to alignment specifier [G:\Github\phyxel\build\engine\phyxel_core.vcxproj]
G:\Github\phyxel\engine\include\vulkan/VulkanDevice.h(105,44): warning C4324: 'Phyxel::Vulkan::UniformBufferObject': structure was padded due to alignment specifier [G:\Github\phyxel\build\engine\phyxel_core.vcxproj]
G:\Github\phyxel\engine\include\vulkan/VulkanDevice.h(110,35): warning C4324: 'Phyxel::Vulkan::UniformBufferObject': structure was padded due to alignment specifier [G:\Github\phyxel\build\engine\phyxel_core.vcxproj]
G:\Github\phyxel\engine\include\vulkan/VulkanDevice.h(138,46): warning C4324: 'Phyxel::Vulkan::UniformBufferObject': structure was padded due to alignment specifier [G:\Github\phyxel\build\engine\phyxel_core.vcxproj]
G:\Github\phyxel\engine\include\vulkan/VulkanDevice.h(179,64): warning C4324: 'Phyxel::Vulkan::UniformBufferObject': structure was padded due to alignment specifier [G:\Github\phyxel\build\engine\phyxel_core.vcxproj]
G:\Github\phyxel\engine\include\vulkan/VulkanDevice.h(180,63): warning C4324: 'Phyxel::Vulkan::UniformBufferObject': structure was padded due to alignment specifier [G:\Github\phyxel\build\engine\phyxel_core.vcxproj]
G:\Github\phyxel\engine\include\vulkan/VulkanDevice.h(181,59): warning C4324: 'Phyxel::Vulkan::UniformBufferObject': structure was padded due to alignment specifier [G:\Github\phyxel\build\engine\phyxel_core.vcxproj]
G:\Github\phyxel\engine\include\vulkan/VulkanDevice.h(182,36): warning C4324: 'Phyxel::Vulkan::UniformBufferObject': structure was padded due to alignment specifier [G:\Github\phyxel\build\engine\phyxel_core.vcxproj]
G:\Github\phyxel\engine\include\vulkan/VulkanDevice.h(195,46): warning C4324: 'Phyxel::Vulkan::UniformBufferObject': structure was padded due to alignment specifier [G:\Github\phyxel\build\engine\phyxel_core.vcxproj]
G:\Github\phyxel\engine\include\vulkan/VulkanDevice.h(205,52): warning C4324: 'Phyxel::Vulkan::UniformBufferObject': structure was padded due to alignment specifier [G:\Github\phyxel\build\engine\phyxel_core.vcxproj]
G:\Github\phyxel\engine\src\utils\GpuProfiler.cpp(14,82): warning C4458: declaration of 'device' hides class member [G:\Github\phyxel\build\engine\phyxel_core.vcxproj]
G:\Github\phyxel\engine\include\utils/GpuProfiler.h(85,27): message : see declaration of 'Phyxel::GpuProfiler::device' [G:\Github\phyxel\build\engine\phyxel_core.vcxproj]
  RenderPipeline.cpp
G:\Github\phyxel\engine\include\core/Types.h(394,66): warning C4100: 'color': unreferenced formal parameter [G:\Github\phyxel\build\engine\phyxel_core.vcxproj]
G:\Github\phyxel\engine\include\vulkan/VulkanDevice.h(100,35): warning C4324: 'Phyxel::Vulkan::UniformBufferObject': structure was padded due to alignment specifier [G:\Github\phyxel\build\engine\phyxel_core.vcxproj]
G:\Github\phyxel\engine\include\vulkan/VulkanDevice.h(104,41): warning C4324: 'Phyxel::Vulkan::UniformBufferObject': structure was padded due to alignment specifier [G:\Github\phyxel\build\engine\phyxel_core.vcxproj]
G:\Github\phyxel\engine\include\vulkan/VulkanDevice.h(105,44): warning C4324: 'Phyxel::Vulkan::UniformBufferObject': structure was padded due to alignment specifier [G:\Github\phyxel\build\engine\phyxel_core.vcxproj]
G:\Github\phyxel\engine\include\vulkan/VulkanDevice.h(110,35): warning C4324: 'Phyxel::Vulkan::UniformBufferObject': structure was padded due to alignment specifier [G:\Github\phyxel\build\engine\phyxel_core.vcxproj]
G:\Github\phyxel\engine\include\vulkan/VulkanDevice.h(138,46): warning C4324: 'Phyxel::Vulkan::UniformBufferObject': structure was padded due to alignment specifier [G:\Github\phyxel\build\engine\phyxel_core.vcxproj]
G:\Github\phyxel\engine\include\vulkan/VulkanDevice.h(179,64): warning C4324: 'Phyxel::Vulkan::UniformBufferObject': structure was padded due to alignment specifier [G:\Github\phyxel\build\engine\phyxel_core.vcxproj]
G:\Github\phyxel\engine\include\vulkan/VulkanDevice.h(180,63): warning C4324: 'Phyxel::Vulkan::UniformBufferObject': structure was padded due to alignment specifier [G:\Github\phyxel\build\engine\phyxel_core.vcxproj]
G:\Github\phyxel\engine\include\vulkan/VulkanDevice.h(181,59): warning C4324: 'Phyxel::Vulkan::UniformBufferObject': structure was padded due to alignment specifier [G:\Github\phyxel\build\engine\phyxel_core.vcxproj]
G:\Github\phyxel\engine\include\vulkan/VulkanDevice.h(182,36): warning C4324: 'Phyxel::Vulkan::UniformBufferObject': structure was padded due to alignment specifier [G:\Github\phyxel\build\engine\phyxel_core.vcxproj]
G:\Github\phyxel\engine\include\vulkan/VulkanDevice.h(195,46): warning C4324: 'Phyxel::Vulkan::UniformBufferObject': structure was padded due to alignment specifier [G:\Github\phyxel\build\engine\phyxel_core.vcxproj]
G:\Github\phyxel\engine\include\vulkan/VulkanDevice.h(205,52): warning C4324: 'Phyxel::Vulkan::UniformBufferObject': structure was padded due to alignment specifier [G:\Github\phyxel\build\engine\phyxel_core.vcxproj]
G:\Github\phyxel\engine\src\vulkan\RenderPipeline.cpp(1580,81): warning C4100: 'frameIndex': unreferenced formal parameter [G:\Github\phyxel\build\engine\phyxel_core.vcxproj]
  VulkanDevice.cpp
G:\Github\phyxel\engine\include\core/Types.h(394,66): warning C4100: 'color': unreferenced formal parameter [G:\Github\phyxel\build\engine\phyxel_core.vcxproj]
G:\Github\phyxel\engine\include\vulkan/VulkanDevice.h(100,35): warning C4324: 'Phyxel::Vulkan::UniformBufferObject': structure was padded due to alignment specifier [G:\Github\phyxel\build\engine\phyxel_core.vcxproj]
G:\Github\phyxel\engine\include\vulkan/VulkanDevice.h(104,41): warning C4324: 'Phyxel::Vulkan::UniformBufferObject': structure was padded due to alignment specifier [G:\Github\phyxel\build\engine\phyxel_core.vcxproj]
G:\Github\phyxel\engine\include\vulkan/VulkanDevice.h(105,44): warning C4324: 'Phyxel::Vulkan::UniformBufferObject': structure was padded due to alignment specifier [G:\Github\phyxel\build\engine\phyxel_core.vcxproj]
G:\Github\phyxel\engine\include\vulkan/VulkanDevice.h(110,35): warning C4324: 'Phyxel::Vulkan::UniformBufferObject': structure was padded due to alignment specifier [G:\Github\phyxel\build\engine\phyxel_core.vcxproj]
G:\Github\phyxel\engine\include\vulkan/VulkanDevice.h(138,46): warning C4324: 'Phyxel::Vulkan::UniformBufferObject': structure was padded due to alignment specifier [G:\Github\phyxel\build\engine\phyxel_core.vcxproj]
G:\Github\phyxel\engine\include\vulkan/VulkanDevice.h(179,64): warning C4324: 'Phyxel::Vulkan::UniformBufferObject': structure was padded due to alignment specifier [G:\Github\phyxel\build\engine\phyxel_core.vcxproj]
G:\Github\phyxel\engine\include\vulkan/VulkanDevice.h(180,63): warning C4324: 'Phyxel::Vulkan::UniformBufferObject': structure was padded due to alignment specifier [G:\Github\phyxel\build\engine\phyxel_core.vcxproj]
G:\Github\phyxel\engine\include\vulkan/VulkanDevice.h(181,59): warning C4324: 'Phyxel::Vulkan::UniformBufferObject': structure was padded due to alignment specifier [G:\Github\phyxel\build\engine\phyxel_core.vcxproj]
G:\Github\phyxel\engine\include\vulkan/VulkanDevice.h(182,36): warning C4324: 'Phyxel::Vulkan::UniformBufferObject': structure was padded due to alignment specifier [G:\Github\phyxel\build\engine\phyxel_core.vcxproj]
G:\Github\phyxel\engine\include\vulkan/VulkanDevice.h(195,46): warning C4324: 'Phyxel::Vulkan::UniformBufferObject': structure was padded due to alignment specifier [G:\Github\phyxel\build\engine\phyxel_core.vcxproj]
G:\Github\phyxel\engine\include\vulkan/VulkanDevice.h(205,52): warning C4324: 'Phyxel::Vulkan::UniformBufferObject': structure was padded due to alignment specifier [G:\Github\phyxel\build\engine\phyxel_core.vcxproj]
G:\Github\phyxel\engine\src\vulkan\VulkanDevice.cpp(330,40): warning C4458: declaration of 'device' hides class member [G:\Github\phyxel\build\engine\phyxel_core.vcxproj]
G:\Github\phyxel\engine\include\vulkan/VulkanDevice.h(589,14): message : see declaration of 'Phyxel::Vulkan::VulkanDevice::device' [G:\Github\phyxel\build\engine\phyxel_core.vcxproj]
G:\Github\phyxel\engine\src\vulkan\VulkanDevice.cpp(367,62): warning C4458: declaration of 'device' hides class member [G:\Github\phyxel\build\engine\phyxel_core.vcxproj]
G:\Github\phyxel\engine\include\vulkan/VulkanDevice.h(589,14): message : see declaration of 'Phyxel::Vulkan::VulkanDevice::device' [G:\Github\phyxel\build\engine\phyxel_core.vcxproj]
G:\Github\phyxel\engine\src\vulkan\VulkanDevice.cpp(381,83): warning C4458: declaration of 'device' hides class member [G:\Github\phyxel\build\engine\phyxel_core.vcxproj]
G:\Github\phyxel\engine\include\vulkan/VulkanDevice.h(589,14): message : see declaration of 'Phyxel::Vulkan::VulkanDevice::device' [G:\Github\phyxel\build\engine\phyxel_core.vcxproj]
G:\Github\phyxel\engine\src\vulkan\VulkanDevice.cpp(426,73): warning C4458: declaration of 'device' hides class member [G:\Github\phyxel\build\engine\phyxel_core.vcxproj]
G:\Github\phyxel\engine\include\vulkan/VulkanDevice.h(589,14): message : see declaration of 'Phyxel::Vulkan::VulkanDevice::device' [G:\Github\phyxel\build\engine\phyxel_core.vcxproj]
G:\Github\phyxel\engine\src\vulkan\VulkanDevice.cpp(442,86): warning C4458: declaration of 'device' hides class member [G:\Github\phyxel\build\engine\phyxel_core.vcxproj]
G:\Github\phyxel\engine\include\vulkan/VulkanDevice.h(589,14): message : see declaration of 'Phyxel::Vulkan::VulkanDevice::device' [G:\Github\phyxel\build\engine\phyxel_core.vcxproj]
G:\Github\phyxel\engine\src\vulkan\VulkanDevice.cpp(758,41): warning C4456: declaration of 'createInfo' hides previous local declaration [G:\Github\phyxel\build\engine\phyxel_core.vcxproj]
G:\Github\phyxel\engine\src\vulkan\VulkanDevice.cpp(716,30): message : see declaration of 'createInfo' [G:\Github\phyxel\build\engine\phyxel_core.vcxproj]
G:\Github\phyxel\engine\src\vulkan\VulkanDevice.cpp(3355,226): warning C4100: 'pUserData': unreferenced formal parameter [G:\Github\phyxel\build\engine\phyxel_core.vcxproj]
G:\Github\phyxel\engine\src\vulkan\VulkanDevice.cpp(3355,148): warning C4100: 'messageType': unreferenced formal parameter [G:\Github\phyxel\build\engine\phyxel_core.vcxproj]
G:\Github\phyxel\engine\src\vulkan\VulkanDevice.cpp(3355,99): warning C4100: 'messageSeverity': unreferenced formal parameter [G:\Github\phyxel\build\engine\phyxel_core.vcxproj]
  Generating Code...
